Archive member included to satisfy reference by file (symbol)

app/libapp.a(main.c.obj)      (--whole-archive)
app/libapp.a(ttpms_service.c.obj)
                              (--whole-archive)
app/libapp.a(sensors.c.obj)   (--whole-archive)
zephyr/libzephyr.a(cbprintf.c.obj)
                              (--whole-archive)
zephyr/libzephyr.a(cbprintf_packaged.c.obj)
                              (--whole-archive)
zephyr/libzephyr.a(crc32c_sw.c.obj)
                              (--whole-archive)
zephyr/libzephyr.a(crc32_sw.c.obj)
                              (--whole-archive)
zephyr/libzephyr.a(crc16_sw.c.obj)
                              (--whole-archive)
zephyr/libzephyr.a(crc8_sw.c.obj)
                              (--whole-archive)
zephyr/libzephyr.a(crc7_sw.c.obj)
                              (--whole-archive)
zephyr/libzephyr.a(dec.c.obj)
                              (--whole-archive)
zephyr/libzephyr.a(fdtable.c.obj)
                              (--whole-archive)
zephyr/libzephyr.a(hex.c.obj)
                              (--whole-archive)
zephyr/libzephyr.a(notify.c.obj)
                              (--whole-archive)
zephyr/libzephyr.a(printk.c.obj)
                              (--whole-archive)
zephyr/libzephyr.a(onoff.c.obj)
                              (--whole-archive)
zephyr/libzephyr.a(rb.c.obj)  (--whole-archive)
zephyr/libzephyr.a(sem.c.obj)
                              (--whole-archive)
zephyr/libzephyr.a(thread_entry.c.obj)
                              (--whole-archive)
zephyr/libzephyr.a(timeutil.c.obj)
                              (--whole-archive)
zephyr/libzephyr.a(heap.c.obj)
                              (--whole-archive)
zephyr/libzephyr.a(heap-validate.c.obj)
                              (--whole-archive)
zephyr/libzephyr.a(bitarray.c.obj)
                              (--whole-archive)
zephyr/libzephyr.a(cbprintf_complete.c.obj)
                              (--whole-archive)
zephyr/libzephyr.a(mpsc_pbuf.c.obj)
                              (--whole-archive)
zephyr/libzephyr.a(reboot.c.obj)
                              (--whole-archive)
zephyr/libzephyr.a(configs.c.obj)
                              (--whole-archive)
zephyr/libzephyr.a(soc_nrf_common.S.obj)
                              (--whole-archive)
zephyr/libzephyr.a(validate_base_addresses.c.obj)
                              (--whole-archive)
zephyr/libzephyr.a(validate_enabled_instances.c.obj)
                              (--whole-archive)
zephyr/libzephyr.a(thread_info.c.obj)
                              (--whole-archive)
zephyr/libzephyr.a(log_list.c.obj)
                              (--whole-archive)
zephyr/libzephyr.a(log_core.c.obj)
                              (--whole-archive)
zephyr/libzephyr.a(log_mgmt.c.obj)
                              (--whole-archive)
zephyr/libzephyr.a(log_msg.c.obj)
                              (--whole-archive)
zephyr/libzephyr.a(log_output.c.obj)
                              (--whole-archive)
zephyr/libzephyr.a(log_backend_uart.c.obj)
                              (--whole-archive)
zephyr/libzephyr.a(log_backend_rtt.c.obj)
                              (--whole-archive)
zephyr/libzephyr.a(addr_utils.c.obj)
                              (--whole-archive)
zephyr/libzephyr.a(power.c.obj)
                              (--whole-archive)
zephyr/libzephyr.a(pm_ctrl.c.obj)
                              (--whole-archive)
zephyr/libzephyr.a(policy_residency.c.obj)
                              (--whole-archive)
zephyr/libzephyr.a(tracing_none.c.obj)
                              (--whole-archive)
zephyr/libzephyr.a(utils.c.obj)
                              (--whole-archive)
zephyr/libzephyr.a(aes_decrypt.c.obj)
                              (--whole-archive)
zephyr/libzephyr.a(aes_encrypt.c.obj)
                              (--whole-archive)
zephyr/libzephyr.a(cmac_mode.c.obj)
                              (--whole-archive)
zephyr/arch/common/libarch__common.a(sw_isr_common.c.obj)
                              (--whole-archive)
zephyr/arch/arch/arm/core/aarch32/libarch__arm__core__aarch32.a(cpu_idle.S.obj)
                              (--whole-archive)
zephyr/arch/arch/arm/core/aarch32/libarch__arm__core__aarch32.a(fatal.c.obj)
                              (--whole-archive)
zephyr/arch/arch/arm/core/aarch32/libarch__arm__core__aarch32.a(irq_manage.c.obj)
                              (--whole-archive)
zephyr/arch/arch/arm/core/aarch32/libarch__arm__core__aarch32.a(nmi.c.obj)
                              (--whole-archive)
zephyr/arch/arch/arm/core/aarch32/libarch__arm__core__aarch32.a(nmi_on_reset.S.obj)
                              (--whole-archive)
zephyr/arch/arch/arm/core/aarch32/libarch__arm__core__aarch32.a(prep_c.c.obj)
                              (--whole-archive)
zephyr/arch/arch/arm/core/aarch32/libarch__arm__core__aarch32.a(swap.c.obj)
                              (--whole-archive)
[...]
Memory Configuration

Name             Origin             Length             Attributes
FLASH            0x00000000         0x00080000         xr
SRAM             0x20000000         0x00020000         xw
IDT_LIST         0xfffff7ff         0x00000800         xw
*default*        0x00000000         0xffffffff

Linker script and memory map

LOAD zephyr/CMakeFiles/zephyr_final.dir/misc/empty_file.c.obj
LOAD zephyr/CMakeFiles/zephyr_final.dir/isr_tables.c.obj
LOAD zephyr/CMakeFiles/zephyr_final.dir/dev_handles.c.obj
                0x00000020                _region_min_align = 0x20

.rel.plt        0x00000000        0x0
 *(SORT_BY_ALIGNMENT(.rel.plt))
                [!provide]                PROVIDE (__rel_iplt_start = .)
 *(SORT_BY_ALIGNMENT(.rel.iplt))
 .rel.iplt      0x00000000        0x0 zephyr/CMakeFiles/zephyr_final.dir/isr_tables.c.obj
                [!provide]                PROVIDE (__rel_iplt_end = .)

.rela.plt       0x00000000        0x0
 *(SORT_BY_ALIGNMENT(.rela.plt))
                [!provide]                PROVIDE (__rela_iplt_start = .)
 *(SORT_BY_ALIGNMENT(.rela.iplt))
                [!provide]                PROVIDE (__rela_iplt_end = .)

.rel.dyn
 *(SORT_BY_ALIGNMENT(.rel.*))

.rela.dyn
 *(SORT_BY_ALIGNMENT(.rela.*))

/DISCARD/
 *(SORT_BY_ALIGNMENT(.plt))
 *(SORT_BY_ALIGNMENT(.iplt))
 *(SORT_BY_ALIGNMENT(.got.plt))
 *(SORT_BY_ALIGNMENT(.igot.plt))
 *(SORT_BY_ALIGNMENT(.got))
 *(SORT_BY_ALIGNMENT(.igot))
 *(SORT_BY_ALIGNMENT(.irq_info*))
 *(SORT_BY_ALIGNMENT(.intList*))
 *(SORT_BY_ALIGNMENT(.note.GNU-stack))
                0x00000000                __rom_region_start = 0x0

rom_start       0x00000000      0x100
                0x00000000                . = 0x0
                0x00000000                . = ALIGN (0x4)
                0x00000000                . = ALIGN (0x80)
                0x00000000                . = ALIGN (0x100)
                0x00000000                _vector_start = .
 *(SORT_BY_ALIGNMENT(.exc_vector_table))
 *(SORT_BY_ALIGNMENT(.exc_vector_table.*))
 .exc_vector_table._vector_table_section
                0x00000000       0x40 zephyr/arch/arch/arm/core/aarch32/cortex_m/libarch__arm__core__aarch32__cortex_m.a(vector_table.S.obj)
                0x00000000                _vector_table
 *(SORT_BY_ALIGNMENT(.gnu.linkonce.irq_vector_table*))
 .gnu.linkonce.irq_vector_table
                0x00000040       0xc0 zephyr/CMakeFiles/zephyr_final.dir/isr_tables.c.obj
                0x00000040                _irq_vector_table
 *(SORT_BY_ALIGNMENT(.vectors))
                0x00000100                _vector_end = .

text            0x00000100    0x21d4c
                0x00000100                __text_region_start = .
 *(SORT_BY_ALIGNMENT(.text))
 .text          0x00000100       0x30 c:/users/ryland/ncs/v1.8.0/toolchain/opt/bin/../lib/gcc/arm-none-eabi/9.2.1/thumb/v7e-m/nofp\libgcc.a(_aeabi_uldivmod.o)
                0x00000100                __aeabi_uldivmod
 .text          0x00000130      0x2c0 c:/users/ryland/ncs/v1.8.0/toolchain/opt/bin/../lib/gcc/arm-none-eabi/9.2.1/thumb/v7e-m/nofp\libgcc.a(_udivmoddi4.o)
                0x00000130                __udivmoddi4
 .text          0x000003f0        0x4 c:/users/ryland/ncs/v1.8.0/toolchain/opt/bin/../lib/gcc/arm-none-eabi/9.2.1/thumb/v7e-m/nofp\libgcc.a(_dvmd_tls.o)
                0x000003f0                __aeabi_idiv0
                0x000003f0                __aeabi_ldiv0
 .text          0x000003f4       0x34 C:/Users/Ryland/ncs/v1.8.0/nrfxlib/mpsl/lib/cortex-m4/soft-float/libmpsl.a(libmpsl_debug_soft__obfuscated.elf)
                0x000003f4                sym_QV6CME4HLWJA6KQZ7HE7ECNT7UGKOYHKNHH6E7I
 .text          0x00000428        0xc C:/Users/Ryland/ncs/v1.8.0/nrfxlib/mpsl/lib/cortex-m4/soft-float/libmpsl.a(libmpsl_debug_soft__obfuscated.elf)
                0x00000428                sym_SKFSQME5SGNPYLL7B75KY7PHXFYWSRI2HSTT45A
 .text          0x00000434       0x1c C:/Users/Ryland/ncs/v1.8.0/nrfxlib/mpsl/lib/cortex-m4/soft-float/libmpsl.a(libmpsl_debug_soft__obfuscated.elf)
                0x00000434                sym_4RNEPYYQOFM4LAOGLN2TB27X7L3XBISTGAWYOHQ
 .text          0x00000450       0x78 C:/Users/Ryland/ncs/v1.8.0/nrfxlib/mpsl/lib/cortex-m4/soft-float/libmpsl.a(libmpsl_debug_soft__obfuscated.elf)
 .text          0x000004c8      0x2f8 C:/Users/Ryland/ncs/v1.8.0/nrfxlib/mpsl/lib/cortex-m4/soft-float/libmpsl.a(libmpsl_debug_soft__obfuscated.elf)
 .text          0x000007c0      0x100 C:/Users/Ryland/ncs/v1.8.0/nrfxlib/mpsl/lib/cortex-m4/soft-float/libmpsl.a(libmpsl_debug_soft__obfuscated.elf)
 .text          0x000008c0      0x520 C:/Users/Ryland/ncs/v1.8.0/nrfxlib/mpsl/lib/cortex-m4/soft-float/libmpsl.a(libmpsl_debug_soft__obfuscated.elf)
 .text          0x00000de0      0x1a8 C:/Users/Ryland/ncs/v1.8.0/nrfxlib/mpsl/lib/cortex-m4/soft-float/libmpsl.a(libmpsl_debug_soft__obfuscated.elf)
 .text          0x00000f88       0x60 C:/Users/Ryland/ncs/v1.8.0/nrfxlib/mpsl/lib/cortex-m4/soft-float/libmpsl.a(libmpsl_debug_soft__obfuscated.elf)
 .text          0x00000fe8       0xd0 C:/Users/Ryland/ncs/v1.8.0/nrfxlib/mpsl/lib/cortex-m4/soft-float/libmpsl.a(libmpsl_debug_soft__obfuscated.elf)
 .text          0x000010b8       0x74 C:/Users/Ryland/ncs/v1.8.0/nrfxlib/mpsl/lib/cortex-m4/soft-float/libmpsl.a(libmpsl_debug_soft__obfuscated.elf)
 .text          0x0000112c       0x60 C:/Users/Ryland/ncs/v1.8.0/nrfxlib/mpsl/lib/cortex-m4/soft-float/libmpsl.a(libmpsl_debug_soft__obfuscated.elf)
 .text          0x0000118c      0x198 C:/Users/Ryland/ncs/v1.8.0/nrfxlib/mpsl/lib/cortex-m4/soft-float/libmpsl.a(libmpsl_debug_soft__obfuscated.elf)
 .text          0x00001324       0x20 C:/Users/Ryland/ncs/v1.8.0/nrfxlib/mpsl/lib/cortex-m4/soft-float/libmpsl.a(libmpsl_debug_soft__obfuscated.elf)
                0x00001324                sym_RWBLK2534FJMTER76IYUPZQ3YF74JEALZ2OBIDI
 .text          0x00001344      0x184 C:/Users/Ryland/ncs/v1.8.0/nrfxlib/mpsl/lib/cortex-m4/soft-float/libmpsl.a(libmpsl_debug_soft__obfuscated.elf)
                0x00001344                sym_QWOE5H22ZADGJX5JSROW7BOI32Z6PPEEJCISNOQ
 .text          0x000014c8       0x20 C:/Users/Ryland/ncs/v1.8.0/nrfxlib/mpsl/lib/cortex-m4/soft-float/libmpsl.a(libmpsl_debug_soft__obfuscated.elf)
                0x000014c8                sym_HVFGTYCGAECGUJHOFSPMGUV2G4PTWWUYTJVAPNA
 .text          0x000014e8       0x64 C:/Users/Ryland/ncs/v1.8.0/nrfxlib/mpsl/lib/cortex-m4/soft-float/libmpsl.a(libmpsl_debug_soft__obfuscated.elf)
                0x000014e8                sym_2O2USXABBLL6KC7E5NJFOHR6JLZMSV4AU5ZYH3Q
 .text          0x0000154c       0x48 C:/Users/Ryland/ncs/v1.8.0/nrfxlib/mpsl/lib/cortex-m4/soft-float/libmpsl.a(libmpsl_debug_soft__obfuscated.elf)
                0x0000154c                sym_VDVM4QLBTRUPEGCBUXIK25LH2KVQWBZXHRBYEFY
 .text          0x00001594       0x40 C:/Users/Ryland/ncs/v1.8.0/nrfxlib/mpsl/lib/cortex-m4/soft-float/libmpsl.a(libmpsl_debug_soft__obfuscated.elf)
                0x00001594                sym_UY2NI5OOASY6266A2A7GY3XEUA5M2CDE2WTVEIY
 .text          0x000015d4      0x1cc C:/Users/Ryland/ncs/v1.8.0/nrfxlib/mpsl/lib/cortex-m4/soft-float/libmpsl.a(libmpsl_debug_soft__obfuscated.elf)
                0x000015d4                sym_J5F7QGRFPKMLWRNSXZXS5YI7BM4DUTISCOASCOA
 .text          0x000017a0       0x14 C:/Users/Ryland/ncs/v1.8.0/nrfxlib/mpsl/lib/cortex-m4/soft-float/libmpsl.a(libmpsl_debug_soft__obfuscated.elf)
                0x000017a0                sym_MGCUANL7Q2CUPWKYBFLWSWSNXIEEYBPZTHT2VZI
 .text          0x000017b4      0x39c C:/Users/Ryland/ncs/v1.8.0/nrfxlib/mpsl/lib/cortex-m4/soft-float/libmpsl.a(libmpsl_debug_soft__obfuscated.elf)
                0x000017b4                sym_NFDFVOR5BUFND4TNTGYIYR4ARXJRXWSQ4PVFUKY
 .text          0x00001b50      0x2c4 C:/Users/Ryland/ncs/v1.8.0/nrfxlib/mpsl/lib/cortex-m4/soft-float/libmpsl.a(libmpsl_debug_soft__obfuscated.elf)
                0x00001b50                sym_CVH6S6LMSFPC2RM6I6LYWFRVOJUD3A6OCMG7AAI
 .text          0x00001e14      0x238 C:/Users/Ryland/ncs/v1.8.0/nrfxlib/mpsl/lib/cortex-m4/soft-float/libmpsl.a(libmpsl_debug_soft__obfuscated.elf)
                0x00001e14                sym_R4Y3KWNYX4PGGLE5X2L7DXMWMJUY3DOXD7LSUKY
 .text          0x0000204c       0x20 C:/Users/Ryland/ncs/v1.8.0/nrfxlib/mpsl/lib/cortex-m4/soft-float/libmpsl.a(libmpsl_debug_soft__obfuscated.elf)
                0x0000204c                sym_MLZNDMDYRI6WNTNQ4RIQGPD423CK7RT4YVI5CAI
 .text          0x0000206c       0x44 C:/Users/Ryland/ncs/v1.8.0/nrfxlib/mpsl/lib/cortex-m4/soft-float/libmpsl.a(libmpsl_debug_soft__obfuscated.elf)
                0x0000206c                sym_CFZK3G6ZC4ONUAYO2UALWQ4CBO7A6ADNAS2FS7Y
 .text          0x000020b0      0x218 C:/Users/Ryland/ncs/v1.8.0/nrfxlib/mpsl/lib/cortex-m4/soft-float/libmpsl.a(libmpsl_debug_soft__obfuscated.elf)
                0x000020b0                sym_DQFOGVCNU4NTOMWSL3IYDNCMIXT2LT7SZHL5IHI
 .text          0x000022c8       0x50 C:/Users/Ryland/ncs/v1.8.0/nrfxlib/mpsl/lib/cortex-m4/soft-float/libmpsl.a(libmpsl_debug_soft__obfuscated.elf)
                0x000022c8                sym_RPHL2J7CVNKM6GKLDIFI4NVAPZE2FHTYW4VJSJI
 .text          0x00002318      0x1c4 C:/Users/Ryland/ncs/v1.8.0/nrfxlib/mpsl/lib/cortex-m4/soft-float/libmpsl.a(libmpsl_debug_soft__obfuscated.elf)
                0x00002318                sym_SFR5TVV24PZRIRC5QGOHL2X436PUHKRY2QWKP5Y
 .text          0x000024dc       0xe0 C:/Users/Ryland/ncs/v1.8.0/nrfxlib/mpsl/lib/cortex-m4/soft-float/libmpsl.a(libmpsl_debug_soft__obfuscated.elf)
                0x000024dc                sym_URFU24FFGR2HYB6CCPIPKPNZNMTWHKDYOATUJNY
 .text          0x000025bc       0x8c C:/Users/Ryland/ncs/v1.8.0/nrfxlib/mpsl/lib/cortex-m4/soft-float/libmpsl.a(libmpsl_debug_soft__obfuscated.elf)
                0x000025bc                sym_ZC6NJBPUISWILQK6OTOBMJVVUT63JRIDGH5WNCY
 .text          0x00002648       0x50 C:/Users/Ryland/ncs/v1.8.0/nrfxlib/mpsl/lib/cortex-m4/soft-float/libmpsl.a(libmpsl_debug_soft__obfuscated.elf)
                0x00002648                sym_ORUJDMUJV7RZIFXM3X5KLRROPKJ7VPLJ65JMLRQ
 .text          0x00002698       0x38 C:/Users/Ryland/ncs/v1.8.0/nrfxlib/mpsl/lib/cortex-m4/soft-float/libmpsl.a(libmpsl_debug_soft__obfuscated.elf)
                0x00002698                sym_PITJNQC6YSCEFAH23N5QRORZDKCSKOAUGBUS6GA
 .text          0x000026d0       0x5c C:/Users/Ryland/ncs/v1.8.0/nrfxlib/mpsl/lib/cortex-m4/soft-float/libmpsl.a(libmpsl_debug_soft__obfuscated.elf)
                0x000026d0                sym_AOU55ZK756JLPLCLZ5TZSSVKOAWWFUNQZATBXUI
 .text          0x0000272c       0xfc C:/Users/Ryland/ncs/v1.8.0/nrfxlib/mpsl/lib/cortex-m4/soft-float/libmpsl.a(libmpsl_debug_soft__obfuscated.elf)
                0x0000272c                MPSL_IRQ_RTC0_Handler
 .text          0x00002828       0xf8 C:/Users/Ryland/ncs/v1.8.0/nrfxlib/mpsl/lib/cortex-m4/soft-float/libmpsl.a(libmpsl_debug_soft__obfuscated.elf)
                0x00002828                MPSL_IRQ_TIMER0_Handler
 .text          0x00002920       0x5c C:/Users/Ryland/ncs/v1.8.0/nrfxlib/mpsl/lib/cortex-m4/soft-float/libmpsl.a(libmpsl_debug_soft__obfuscated.elf)
 .text          0x0000297c        0xc C:/Users/Ryland/ncs/v1.8.0/nrfxlib/mpsl/lib/cortex-m4/soft-float/libmpsl.a(libmpsl_debug_soft__obfuscated.elf)
                0x0000297c                sym_M4DIQOXJAE3BNHQBIUCZXAABSM24CWUEJOCU7DY
 .text          0x00002988      0x134 C:/Users/Ryland/ncs/v1.8.0/nrfxlib/mpsl/lib/cortex-m4/soft-float/libmpsl.a(libmpsl_debug_soft__obfuscated.elf)
                0x00002988                sym_2ZDZA75WOMRNSQ6XL7IZWAQKYFFSRJOGBGKPTIQ
 .text          0x00002abc       0xcc C:/Users/Ryland/ncs/v1.8.0/nrfxlib/mpsl/lib/cortex-m4/soft-float/libmpsl.a(libmpsl_debug_soft__obfuscated.elf)
                0x00002abc                sym_UGOJA475OXR5HR5WFINUK27HP5BRGNWCZXQLKDI
 .text          0x00002b88        0xc C:/Users/Ryland/ncs/v1.8.0/nrfxlib/mpsl/lib/cortex-m4/soft-float/libmpsl.a(libmpsl_debug_soft__obfuscated.elf)
                0x00002b88                sym_RUQO26WM5KVVEW7O3OHCXPO7LLLXRBDPIPSWIWY
 .text          0x00002b94       0xf4 C:/Users/Ryland/ncs/v1.8.0/nrfxlib/mpsl/lib/cortex-m4/soft-float/libmpsl.a(libmpsl_debug_soft__obfuscated.elf)
                0x00002b94                sym_QUBGY7RMPG7R5F6DVNURH4AVGDAWMK46YXU4DRA
 .text          0x00002c88      0x190 C:/Users/Ryland/ncs/v1.8.0/nrfxlib/mpsl/lib/cortex-m4/soft-float/libmpsl.a(libmpsl_debug_soft__obfuscated.elf)
                0x00002c88                sym_X2K67YH6UCW6TFK6NTLPZZFGWYHTTPZYK5PXHNQ
 .text          0x00002e18       0xd0 C:/Users/Ryland/ncs/v1.8.0/nrfxlib/mpsl/lib/cortex-m4/soft-float/libmpsl.a(libmpsl_debug_soft__obfuscated.elf)
                0x00002e18                sym_TSYEIN5CZPQE3YK6VECZD5C2M4LMXKKH6O7LNAY
 .text          0x00002ee8       0x94 C:/Users/Ryland/ncs/v1.8.0/nrfxlib/mpsl/lib/cortex-m4/soft-float/libmpsl.a(libmpsl_debug_soft__obfuscated.elf)
                0x00002ee8                sym_OLTN5HGCU3P74AJAQRGNYBUXASUKWF3RI2Q3H5Q
 .text          0x00002f7c       0x28 C:/Users/Ryland/ncs/v1.8.0/nrfxlib/mpsl/lib/cortex-m4/soft-float/libmpsl.a(libmpsl_debug_soft__obfuscated.elf)
                0x00002f7c                sym_CPXNCG66C5WXYS4GOKTR2JEIS45ZVRZUCBYX34I
 .text          0x00002fa4       0x34 C:/Users/Ryland/ncs/v1.8.0/nrfxlib/mpsl/lib/cortex-m4/soft-float/libmpsl.a(libmpsl_debug_soft__obfuscated.elf)
                0x00002fa4                sym_CQWZ455IMTLTPY5LEEZHXHRRNX223B3HTDD45HA
 .text          0x00002fd8       0x78 C:/Users/Ryland/ncs/v1.8.0/nrfxlib/mpsl/lib/cortex-m4/soft-float/libmpsl.a(libmpsl_debug_soft__obfuscated.elf)
                0x00002fd8                sym_3SK52U5TD4ACVVYKWS6UI6ZPWKSLV6BW5IGCPJI
 .text          0x00003050       0x64 C:/Users/Ryland/ncs/v1.8.0/nrfxlib/mpsl/lib/cortex-m4/soft-float/libmpsl.a(libmpsl_debug_soft__obfuscated.elf)
                0x00003050                MPSL_IRQ_CLOCK_Handler
 .text          0x000030b4       0x24 C:/Users/Ryland/ncs/v1.8.0/nrfxlib/mpsl/lib/cortex-m4/soft-float/libmpsl.a(libmpsl_debug_soft__obfuscated.elf)
 .text          0x000030d8       0x34 C:/Users/Ryland/ncs/v1.8.0/nrfxlib/mpsl/lib/cortex-m4/soft-float/libmpsl.a(libmpsl_debug_soft__obfuscated.elf)
 .text          0x0000310c       0x54 C:/Users/Ryland/ncs/v1.8.0/nrfxlib/mpsl/lib/cortex-m4/soft-float/libmpsl.a(libmpsl_debug_soft__obfuscated.elf)
 .text          0x00003160       0xc8 C:/Users/Ryland/ncs/v1.8.0/nrfxlib/mpsl/lib/cortex-m4/soft-float/libmpsl.a(libmpsl_debug_soft__obfuscated.elf)
 .text          0x00003228      0x18c C:/Users/Ryland/ncs/v1.8.0/nrfxlib/mpsl/lib/cortex-m4/soft-float/libmpsl.a(libmpsl_debug_soft__obfuscated.elf)
 .text          0x000033b4       0x38 C:/Users/Ryland/ncs/v1.8.0/nrfxlib/mpsl/lib/cortex-m4/soft-float/libmpsl.a(libmpsl_debug_soft__obfuscated.elf)
                0x000033b4                sym_AF5XKA2WT4DMFZTLKHOBWE7E2EZAMLDDFPQGGTQ
 .text          0x000033ec       0x28 C:/Users/Ryland/ncs/v1.8.0/nrfxlib/mpsl/lib/cortex-m4/soft-float/libmpsl.a(libmpsl_debug_soft__obfuscated.elf)
                0x000033ec                sym_PEUB6CZG5CWXXD4M2S6OVBXZGDFOG4XII7USUDQ
 .text          0x00003414       0x1c C:/Users/Ryland/ncs/v1.8.0/nrfxlib/mpsl/lib/cortex-m4/soft-float/libmpsl.a(libmpsl_debug_soft__obfuscated.elf)
                0x00003414                mpsl_clock_hfclk_release
 .text          0x00003430       0x38 C:/Users/Ryland/ncs/v1.8.0/nrfxlib/mpsl/lib/cortex-m4/soft-float/libmpsl.a(libmpsl_debug_soft__obfuscated.elf)
                0x00003430                mpsl_clock_hfclk_request
 .text          0x00003468       0x1c C:/Users/Ryland/ncs/v1.8.0/nrfxlib/mpsl/lib/cortex-m4/soft-float/libmpsl.a(libmpsl_debug_soft__obfuscated.elf)
                0x00003468                sym_MXEZOAVPP5LXUOZ6LJGDWJ57JEG5BZ5YB7LCG7Y
 .text          0x00003484       0x38 C:/Users/Ryland/ncs/v1.8.0/nrfxlib/mpsl/lib/cortex-m4/soft-float/libmpsl.a(libmpsl_debug_soft__obfuscated.elf)
                0x00003484                sym_UZOVMIXHY2SDZSVAWFRK4RKQPHXNS37P2CLQ57A
 .text          0x000034bc       0xa4 C:/Users/Ryland/ncs/v1.8.0/nrfxlib/mpsl/lib/cortex-m4/soft-float/libmpsl.a(libmpsl_debug_soft__obfuscated.elf)
                0x000034bc                sym_FYHKZOVAJN6VDDHY43FT7PF4YLRDHWRTEWHFG6I
 .text          0x00003560        0xc C:/Users/Ryland/ncs/v1.8.0/nrfxlib/mpsl/lib/cortex-m4/soft-float/libmpsl.a(libmpsl_debug_soft__obfuscated.elf)
                0x00003560                sym_ETIE3PCEXQYLK2GIVZENQ6V7PLBRV57MB7BDMNY
 .text          0x0000356c       0x3c C:/Users/Ryland/ncs/v1.8.0/nrfxlib/mpsl/lib/cortex-m4/soft-float/libmpsl.a(libmpsl_debug_soft__obfuscated.elf)
                0x0000356c                sym_UG7CMBAYEZEKSKQK753P4TBTSPUXVRWUS6QJJOA
 .text          0x000035a8       0x10 C:/Users/Ryland/ncs/v1.8.0/nrfxlib/mpsl/lib/cortex-m4/soft-float/libmpsl.a(libmpsl_debug_soft__obfuscated.elf)
                0x000035a8                sym_4CZSFTTT34WDYFZKE2NSCSVSYLPHLZYN7QUTGHY
 .text          0x000035b8       0x84 C:/Users/Ryland/ncs/v1.8.0/nrfxlib/mpsl/lib/cortex-m4/soft-float/libmpsl.a(libmpsl_debug_soft__obfuscated.elf)
                0x000035b8                sym_A4JUKJUCTJV55V2WD6TXU63VO5GAMB4XA4EE56Q
 .text          0x0000363c       0x18 C:/Users/Ryland/ncs/v1.8.0/nrfxlib/mpsl/lib/cortex-m4/soft-float/libmpsl.a(libmpsl_debug_soft__obfuscated.elf)
                0x0000363c                sym_4PX37LW4KIUYQZ73JWLPH5GAGIRWAKTV3E6F62Q
 .text          0x00003654        0xc C:/Users/Ryland/ncs/v1.8.0/nrfxlib/mpsl/lib/cortex-m4/soft-float/libmpsl.a(libmpsl_debug_soft__obfuscated.elf)
                0x00003654                sym_PIRI3CTIHOPR5MPDQRHBJRRZEA2NVOD4J3GXGOA
 .text          0x00003660       0x1c C:/Users/Ryland/ncs/v1.8.0/nrfxlib/mpsl/lib/cortex-m4/soft-float/libmpsl.a(libmpsl_debug_soft__obfuscated.elf)
                0x00003660                sym_LIY23QT3GHIV7NCGJ6ZW6LB2ZUSI56CIFCL6HUY
 .text          0x0000367c       0x18 C:/Users/Ryland/ncs/v1.8.0/nrfxlib/mpsl/lib/cortex-m4/soft-float/libmpsl.a(libmpsl_debug_soft__obfuscated.elf)
                0x0000367c                sym_XK3TMLCZALCYYWGULGHQIRSOBMPIIPJ7HEMOZIQ
 .text          0x00003694       0x10 C:/Users/Ryland/ncs/v1.8.0/nrfxlib/mpsl/lib/cortex-m4/soft-float/libmpsl.a(libmpsl_debug_soft__obfuscated.elf)
                0x00003694                sym_7BUNPUBNWNFVXXIMNFFNK765OVON5LBIUZ66QRI
 .text          0x000036a4       0x30 C:/Users/Ryland/ncs/v1.8.0/nrfxlib/mpsl/lib/cortex-m4/soft-float/libmpsl.a(libmpsl_debug_soft__obfuscated.elf)
 .text          0x000036d4       0x10 C:/Users/Ryland/ncs/v1.8.0/nrfxlib/mpsl/lib/cortex-m4/soft-float/libmpsl.a(libmpsl_debug_soft__obfuscated.elf)
                0x000036d4                sym_4JLKMM32SOXCP6XBYAWZDUIMUJIYXLKKDBOFLHI
 .text          0x000036e4       0x20 C:/Users/Ryland/ncs/v1.8.0/nrfxlib/mpsl/lib/cortex-m4/soft-float/libmpsl.a(libmpsl_debug_soft__obfuscated.elf)
 .text          0x00003704       0x24 C:/Users/Ryland/ncs/v1.8.0/nrfxlib/mpsl/lib/cortex-m4/soft-float/libmpsl.a(libmpsl_debug_soft__obfuscated.elf)
 .text          0x00003728       0x48 C:/Users/Ryland/ncs/v1.8.0/nrfxlib/mpsl/lib/cortex-m4/soft-float/libmpsl.a(libmpsl_debug_soft__obfuscated.elf)
                0x00003728                sym_S2UAPMFVIQXDUOA6CV7GJMB33TYHEUH5D6LHO5Q
 .text          0x00003770       0x68 C:/Users/Ryland/ncs/v1.8.0/nrfxlib/mpsl/lib/cortex-m4/soft-float/libmpsl.a(libmpsl_debug_soft__obfuscated.elf)
                0x00003770                mpsl_init
 .text          0x000037d8        0xc C:/Users/Ryland/ncs/v1.8.0/nrfxlib/mpsl/lib/cortex-m4/soft-float/libmpsl.a(libmpsl_debug_soft__obfuscated.elf)
                0x000037d8                mpsl_is_initialized
 .text          0x000037e4       0x24 C:/Users/Ryland/ncs/v1.8.0/nrfxlib/mpsl/lib/cortex-m4/soft-float/libmpsl.a(libmpsl_debug_soft__obfuscated.elf)
                0x000037e4                sym_XR32KBBIVYD5OVRJM2RBQ57EGCCM2C3F5IY6OHQ
 .text          0x00003808       0x84 C:/Users/Ryland/ncs/v1.8.0/nrfxlib/mpsl/lib/cortex-m4/soft-float/libmpsl.a(libmpsl_debug_soft__obfuscated.elf)
                0x00003808                mpsl_temperature_get
 .text          0x0000388c       0x3c C:/Users/Ryland/ncs/v1.8.0/nrfxlib/mpsl/lib/cortex-m4/soft-float/libmpsl.a(libmpsl_debug_soft__obfuscated.elf)
                0x0000388c                sym_W7ROFHNOSDKPIRUKDGIZZ5YR3MC3DAM2YLJOUIA
 .text          0x000038c8       0x38 C:/Users/Ryland/ncs/v1.8.0/nrfxlib/mpsl/lib/cortex-m4/soft-float/libmpsl.a(libmpsl_debug_soft__obfuscated.elf)
                0x000038c8                sym_GURZ3AH6X65RGSKYMYNWZVP6HM56LA5MRAQWT6Q
 .text          0x00003900       0x48 C:/Users/Ryland/ncs/v1.8.0/nrfxlib/mpsl/lib/cortex-m4/soft-float/libmpsl.a(libmpsl_debug_soft__obfuscated.elf)
                0x00003900                sym_VWGRUQT3LYZHLYS5KJ7UOCJEHLDJTWH4RVJBGKQ
 .text          0x00003948       0x2c C:/Users/Ryland/ncs/v1.8.0/nrfxlib/mpsl/lib/cortex-m4/soft-float/libmpsl.a(libmpsl_debug_soft__obfuscated.elf)
                0x00003948                sym_4WL3TG4Q7RCTFEMPQ2CQTOL4PAKUULDPJUM5DTY
 .text          0x00003974       0x60 C:/Users/Ryland/ncs/v1.8.0/nrfxlib/mpsl/lib/cortex-m4/soft-float/libmpsl.a(libmpsl_debug_soft__obfuscated.elf)
                0x00003974                sym_PAD7XREQQORPXRJMXMW2EYVS4S43S42A5D43SBA
 .text          0x000039d4       0x34 C:/Users/Ryland/ncs/v1.8.0/nrfxlib/mpsl/lib/cortex-m4/soft-float/libmpsl.a(libmpsl_debug_soft__obfuscated.elf)
                0x000039d4                sym_NIQMZN22R7GGCSNM3BZ25GTCR6D457XB3DIUGWA
 .text          0x00003a08        0xc C:/Users/Ryland/ncs/v1.8.0/nrfxlib/mpsl/lib/cortex-m4/soft-float/libmpsl.a(libmpsl_debug_soft__obfuscated.elf)
                0x00003a08                mpsl_fem_disable
 .text          0x00003a14        0xc C:/Users/Ryland/ncs/v1.8.0/nrfxlib/mpsl/lib/cortex-m4/soft-float/libmpsl.a(libmpsl_debug_soft__obfuscated.elf)
                0x00003a14                mpsl_fem_lna_configuration_clear
 .text          0x00003a20        0xc C:/Users/Ryland/ncs/v1.8.0/nrfxlib/mpsl/lib/cortex-m4/soft-float/libmpsl.a(libmpsl_debug_soft__obfuscated.elf)
                0x00003a20                mpsl_fem_lna_configuration_set
 .text          0x00003a2c        0xc C:/Users/Ryland/ncs/v1.8.0/nrfxlib/mpsl/lib/cortex-m4/soft-float/libmpsl.a(libmpsl_debug_soft__obfuscated.elf)
                0x00003a2c                mpsl_fem_pa_configuration_clear
 .text          0x00003a38        0xc C:/Users/Ryland/ncs/v1.8.0/nrfxlib/mpsl/lib/cortex-m4/soft-float/libmpsl.a(libmpsl_debug_soft__obfuscated.elf)
                0x00003a38                mpsl_fem_pa_configuration_set
 .text          0x00003a44        0xc C:/Users/Ryland/ncs/v1.8.0/nrfxlib/mpsl/lib/cortex-m4/soft-float/libmpsl.a(libmpsl_debug_soft__obfuscated.elf)
                0x00003a44                mpsl_fem_pa_is_configured
 .text          0x00003a50        0xc C:/Users/Ryland/ncs/v1.8.0/nrfxlib/mpsl/lib/cortex-m4/soft-float/libmpsl.a(libmpsl_debug_soft__obfuscated.elf)
                0x00003a50                mpsl_fem_device_config_254_apply_get
 .text          0x00003a5c       0x68 C:/Users/Ryland/ncs/v1.8.0/nrfxlib/softdevice_controller/lib/cortex-m4/soft-float/libsoftdevice_controller_peripheral.a(libsoftdevice_controller_s112_debug_soft__obfuscated.elf)
 .text          0x00003ac4       0x1c C:/Users/Ryland/ncs/v1.8.0/nrfxlib/softdevice_controller/lib/cortex-m4/soft-float/libsoftdevice_controller_peripheral.a(libsoftdevice_controller_s112_debug_soft__obfuscated.elf)
                0x00003ac4                sdc_build_revision_get
 .text          0x00003ae0       0xb0 C:/Users/Ryland/ncs/v1.8.0/nrfxlib/softdevice_controller/lib/cortex-m4/soft-float/libsoftdevice_controller_peripheral.a(libsoftdevice_controller_s112_debug_soft__obfuscated.elf)
                0x00003ae0                sdc_cfg_set
 .text          0x00003b90       0x50 C:/Users/Ryland/ncs/v1.8.0/nrfxlib/softdevice_controller/lib/cortex-m4/soft-float/libsoftdevice_controller_peripheral.a(libsoftdevice_controller_s112_debug_soft__obfuscated.elf)
                0x00003b90                sdc_enable
 .text          0x00003be0       0x98 C:/Users/Ryland/ncs/v1.8.0/nrfxlib/softdevice_controller/lib/cortex-m4/soft-float/libsoftdevice_controller_peripheral.a(libsoftdevice_controller_s112_debug_soft__obfuscated.elf)
                0x00003be0                sdc_init
 .text          0x00003c78       0x68 C:/Users/Ryland/ncs/v1.8.0/nrfxlib/softdevice_controller/lib/cortex-m4/soft-float/libsoftdevice_controller_peripheral.a(libsoftdevice_controller_s112_debug_soft__obfuscated.elf)
                0x00003c78                sym_476LRB5XNUARAHCHHC7ZAIGPFC5VZ4W2N4467LI
 .text          0x00003ce0       0x20 C:/Users/Ryland/ncs/v1.8.0/nrfxlib/softdevice_controller/lib/cortex-m4/soft-float/libsoftdevice_controller_peripheral.a(libsoftdevice_controller_s112_debug_soft__obfuscated.elf)
                0x00003ce0                sdc_support_adv
 .text          0x00003d00       0x20 C:/Users/Ryland/ncs/v1.8.0/nrfxlib/softdevice_controller/lib/cortex-m4/soft-float/libsoftdevice_controller_peripheral.a(libsoftdevice_controller_s112_debug_soft__obfuscated.elf)
                0x00003d00                sdc_support_dle
 .text          0x00003d20       0x20 C:/Users/Ryland/ncs/v1.8.0/nrfxlib/softdevice_controller/lib/cortex-m4/soft-float/libsoftdevice_controller_peripheral.a(libsoftdevice_controller_s112_debug_soft__obfuscated.elf)
                0x00003d20                sdc_support_le_2m_phy
 .text          0x00003d40       0x20 C:/Users/Ryland/ncs/v1.8.0/nrfxlib/softdevice_controller/lib/cortex-m4/soft-float/libsoftdevice_controller_peripheral.a(libsoftdevice_controller_s112_debug_soft__obfuscated.elf)
                0x00003d40                sdc_support_slave
 .text          0x00003d60       0x30 C:/Users/Ryland/ncs/v1.8.0/nrfxlib/softdevice_controller/lib/cortex-m4/soft-float/libsoftdevice_controller_peripheral.a(libsoftdevice_controller_s112_debug_soft__obfuscated.elf)
 .text          0x00003d90       0x1c C:/Users/Ryland/ncs/v1.8.0/nrfxlib/softdevice_controller/lib/cortex-m4/soft-float/libsoftdevice_controller_peripheral.a(libsoftdevice_controller_s112_debug_soft__obfuscated.elf)
                0x00003d90                sym_4BGPQMJJRBR2ET4K6M3CH3OLXQGTP2TS7FVXINA
 .text          0x00003dac       0x1c C:/Users/Ryland/ncs/v1.8.0/nrfxlib/softdevice_controller/lib/cortex-m4/soft-float/libsoftdevice_controller_peripheral.a(libsoftdevice_controller_s112_debug_soft__obfuscated.elf)
                0x00003dac                sym_RC3WH4TL55HJBAU6BTOKWYOXZCF7BBTLBHIRO6A
 .text          0x00003dc8       0x1c C:/Users/Ryland/ncs/v1.8.0/nrfxlib/softdevice_controller/lib/cortex-m4/soft-float/libsoftdevice_controller_peripheral.a(libsoftdevice_controller_s112_debug_soft__obfuscated.elf)
                0x00003dc8                sym_CVMXQJYKHZVHIOMGOYEICPLVAIQNUBL6USVNZSA
 .text          0x00003de4       0x1c C:/Users/Ryland/ncs/v1.8.0/nrfxlib/softdevice_controller/lib/cortex-m4/soft-float/libsoftdevice_controller_peripheral.a(libsoftdevice_controller_s112_debug_soft__obfuscated.elf)
                0x00003de4                sym_EZ7BAEZZMYJFIJAONX254JF3WPGEXUT4NMP2WJQ
 .text          0x00003e00       0x10 C:/Users/Ryland/ncs/v1.8.0/nrfxlib/softdevice_controller/lib/cortex-m4/soft-float/libsoftdevice_controller_peripheral.a(libsoftdevice_controller_s112_debug_soft__obfuscated.elf)
                0x00003e00                sdc_rand_source_register
 .text          0x00003e10       0x50 C:/Users/Ryland/ncs/v1.8.0/nrfxlib/softdevice_controller/lib/cortex-m4/soft-float/libsoftdevice_controller_peripheral.a(libsoftdevice_controller_s112_debug_soft__obfuscated.elf)
                0x00003e10                sym_MEYOCD6AYGN6BYYH5M35H6GLLMHM6TYBBTCW2LI
 .text          0x00003e60       0x88 C:/Users/Ryland/ncs/v1.8.0/nrfxlib/softdevice_controller/lib/cortex-m4/soft-float/libsoftdevice_controller_peripheral.a(libsoftdevice_controller_s112_debug_soft__obfuscated.elf)
 .text          0x00003ee8       0x5c C:/Users/Ryland/ncs/v1.8.0/nrfxlib/softdevice_controller/lib/cortex-m4/soft-float/libsoftdevice_controller_peripheral.a(libsoftdevice_controller_s112_debug_soft__obfuscated.elf)
 .text          0x00003f44       0x38 C:/Users/Ryland/ncs/v1.8.0/nrfxlib/softdevice_controller/lib/cortex-m4/soft-float/libsoftdevice_controller_peripheral.a(libsoftdevice_controller_s112_debug_soft__obfuscated.elf)
                0x00003f44                sym_Z7NJGBYWCKFTEHRYWAIDKWPEUN45273QSWUA5CY
 .text          0x00003f7c       0x1c C:/Users/Ryland/ncs/v1.8.0/nrfxlib/softdevice_controller/lib/cortex-m4/soft-float/libsoftdevice_controller_peripheral.a(libsoftdevice_controller_s112_debug_soft__obfuscated.elf)
                0x00003f7c                sym_CEENVC5DZRUT7MGF5LABXKT4NV7YUL5F6EX6TEQ
 .text          0x00003f98        0xc C:/Users/Ryland/ncs/v1.8.0/nrfxlib/softdevice_controller/lib/cortex-m4/soft-float/libsoftdevice_controller_peripheral.a(libsoftdevice_controller_s112_debug_soft__obfuscated.elf)
                0x00003f98                sym_PPT6FEOF2T6DRALMCRRTUI7CHLEPBAN25HYV3KQ
 .text          0x00003fa4       0x1c C:/Users/Ryland/ncs/v1.8.0/nrfxlib/softdevice_controller/lib/cortex-m4/soft-float/libsoftdevice_controller_peripheral.a(libsoftdevice_controller_s112_debug_soft__obfuscated.elf)
                0x00003fa4                sym_TU2SMBIUC7JL6C3K2XB6727DQLBLV5LEGIMZAFQ
 .text          0x00003fc0        0xc C:/Users/Ryland/ncs/v1.8.0/nrfxlib/softdevice_controller/lib/cortex-m4/soft-float/libsoftdevice_controller_peripheral.a(libsoftdevice_controller_s112_debug_soft__obfuscated.elf)
                0x00003fc0                sym_CIVMWIRGIOQ374UFFPIFNN4ZGKYK2FRKTT6YRYA
 .text          0x00003fcc       0x1c C:/Users/Ryland/ncs/v1.8.0/nrfxlib/softdevice_controller/lib/cortex-m4/soft-float/libsoftdevice_controller_peripheral.a(libsoftdevice_controller_s112_debug_soft__obfuscated.elf)
                0x00003fcc                sym_TG7NSIC2UKHCUBZWZ4K4EMD5QRI2QVSKVKV6CFQ
 .text          0x00003fe8       0x1c C:/Users/Ryland/ncs/v1.8.0/nrfxlib/softdevice_controller/lib/cortex-m4/soft-float/libsoftdevice_controller_peripheral.a(libsoftdevice_controller_s112_debug_soft__obfuscated.elf)
                0x00003fe8                sdc_hci_cmd_cb_reset
 .text          0x00004004        0xc C:/Users/Ryland/ncs/v1.8.0/nrfxlib/softdevice_controller/lib/cortex-m4/soft-float/libsoftdevice_controller_peripheral.a(libsoftdevice_controller_s112_debug_soft__obfuscated.elf)
                0x00004004                sym_G3KVRHCJDVHL7HV53526V3YI3DTK2IW2CADUWZQ
 .text          0x00004010       0x20 C:/Users/Ryland/ncs/v1.8.0/nrfxlib/softdevice_controller/lib/cortex-m4/soft-float/libsoftdevice_controller_peripheral.a(libsoftdevice_controller_s112_debug_soft__obfuscated.elf)
                0x00004010                sdc_hci_cmd_vs_zephyr_read_version_info
 .text          0x00004030       0x36 C:/Users/Ryland/ncs/v1.8.0/nrfxlib/softdevice_controller/lib/cortex-m4/soft-float/libsoftdevice_controller_peripheral.a(libsoftdevice_controller_s112_debug_soft__obfuscated.elf)
                0x00004030                sym_HNCDHITBYWLO4GMOSPKCO7YXRRWIUQ2IKIZ4C5A
 *fill*         0x00004066        0x2 
 .text          0x00004068       0x1c C:/Users/Ryland/ncs/v1.8.0/nrfxlib/softdevice_controller/lib/cortex-m4/soft-float/libsoftdevice_controller_peripheral.a(libsoftdevice_controller_s112_debug_soft__obfuscated.elf)
                0x00004068                sym_XHE47EZYHONCPR22HUAZULMCALDJINMYREOFDEI
 .text          0x00004084       0x80 C:/Users/Ryland/ncs/v1.8.0/nrfxlib/softdevice_controller/lib/cortex-m4/soft-float/libsoftdevice_controller_peripheral.a(libsoftdevice_controller_s112_debug_soft__obfuscated.elf)
                0x00004084                sym_EQ53CEL7EDVHMFMHMFPRRQU46C5YKKFEBAACFOA
 .text          0x00004104       0x4c C:/Users/Ryland/ncs/v1.8.0/nrfxlib/softdevice_controller/lib/cortex-m4/soft-float/libsoftdevice_controller_peripheral.a(libsoftdevice_controller_s112_debug_soft__obfuscated.elf)
                0x00004104                sym_6I4XEOIW7LI2E3Z53L54ZHQQHYICXR4H4JQWXLA
 .text          0x00004150       0x54 C:/Users/Ryland/ncs/v1.8.0/nrfxlib/softdevice_controller/lib/cortex-m4/soft-float/libsoftdevice_controller_peripheral.a(libsoftdevice_controller_s112_debug_soft__obfuscated.elf)
                0x00004150                sym_DMJHGENWVWA7ILXIIOOHU6SYMMXUDCUFUUBACLQ
 .text          0x000041a4       0x64 C:/Users/Ryland/ncs/v1.8.0/nrfxlib/softdevice_controller/lib/cortex-m4/soft-float/libsoftdevice_controller_peripheral.a(libsoftdevice_controller_s112_debug_soft__obfuscated.elf)
                0x000041a4                sym_4AWF7EXI3MMHUULTY73E756U3IY5DEXOZ265MZY
 .text          0x00004208       0x74 C:/Users/Ryland/ncs/v1.8.0/nrfxlib/softdevice_controller/lib/cortex-m4/soft-float/libsoftdevice_controller_peripheral.a(libsoftdevice_controller_s112_debug_soft__obfuscated.elf)
 .text          0x0000427c       0x20 C:/Users/Ryland/ncs/v1.8.0/nrfxlib/softdevice_controller/lib/cortex-m4/soft-float/libsoftdevice_controller_peripheral.a(libsoftdevice_controller_s112_debug_soft__obfuscated.elf)
 .text          0x0000429c       0x64 C:/Users/Ryland/ncs/v1.8.0/nrfxlib/softdevice_controller/lib/cortex-m4/soft-float/libsoftdevice_controller_peripheral.a(libsoftdevice_controller_s112_debug_soft__obfuscated.elf)
 .text          0x00004300       0x14 C:/Users/Ryland/ncs/v1.8.0/nrfxlib/softdevice_controller/lib/cortex-m4/soft-float/libsoftdevice_controller_peripheral.a(libsoftdevice_controller_s112_debug_soft__obfuscated.elf)
 .text          0x00004314       0x14 C:/Users/Ryland/ncs/v1.8.0/nrfxlib/softdevice_controller/lib/cortex-m4/soft-float/libsoftdevice_controller_peripheral.a(libsoftdevice_controller_s112_debug_soft__obfuscated.elf)
 .text          0x00004328       0x14 C:/Users/Ryland/ncs/v1.8.0/nrfxlib/softdevice_controller/lib/cortex-m4/soft-float/libsoftdevice_controller_peripheral.a(libsoftdevice_controller_s112_debug_soft__obfuscated.elf)
 .text          0x0000433c       0xa4 C:/Users/Ryland/ncs/v1.8.0/nrfxlib/softdevice_controller/lib/cortex-m4/soft-float/libsoftdevice_controller_peripheral.a(libsoftdevice_controller_s112_debug_soft__obfuscated.elf)
                0x0000433c                sym_24NU2MJKHN4R2Z7HXHMPDWTTDYSB32VL6HEQPZA
 .text          0x000043e0       0x58 C:/Users/Ryland/ncs/v1.8.0/nrfxlib/softdevice_controller/lib/cortex-m4/soft-float/libsoftdevice_controller_peripheral.a(libsoftdevice_controller_s112_debug_soft__obfuscated.elf)
                0x000043e0                sym_3QFBRH4ZSIA64QP2I3K547Y5WIALGQTCBP5Y5SQ
 .text          0x00004438       0x68 C:/Users/Ryland/ncs/v1.8.0/nrfxlib/softdevice_controller/lib/cortex-m4/soft-float/libsoftdevice_controller_peripheral.a(libsoftdevice_controller_s112_debug_soft__obfuscated.elf)
                0x00004438                sym_6DYG6C6ROXZA67GZINNB2XIQHL3KE2RCKK4QFXA
 .text          0x000044a0       0x28 C:/Users/Ryland/ncs/v1.8.0/nrfxlib/softdevice_controller/lib/cortex-m4/soft-float/libsoftdevice_controller_peripheral.a(libsoftdevice_controller_s112_debug_soft__obfuscated.elf)
                0x000044a0                sym_NOQRMQ5IH6SQFJEPI5A3UBMITO54HG4WO4DTTXA
 .text          0x000044c8       0x2c C:/Users/Ryland/ncs/v1.8.0/nrfxlib/softdevice_controller/lib/cortex-m4/soft-float/libsoftdevice_controller_peripheral.a(libsoftdevice_controller_s112_debug_soft__obfuscated.elf)
                0x000044c8                sym_YNBBHT54WKEGUNVC6TSBMRGLF67VFWBOYEMKGTQ
 .text          0x000044f4       0x30 C:/Users/Ryland/ncs/v1.8.0/nrfxlib/softdevice_controller/lib/cortex-m4/soft-float/libsoftdevice_controller_peripheral.a(libsoftdevice_controller_s112_debug_soft__obfuscated.elf)
                0x000044f4                sym_35ZAQW4ABRMBYES2ZHPK63BHZAFFFC4WMGEJ6NA
 .text          0x00004524       0x80 C:/Users/Ryland/ncs/v1.8.0/nrfxlib/softdevice_controller/lib/cortex-m4/soft-float/libsoftdevice_controller_peripheral.a(libsoftdevice_controller_s112_debug_soft__obfuscated.elf)
 .text          0x000045a4       0xa4 C:/Users/Ryland/ncs/v1.8.0/nrfxlib/softdevice_controller/lib/cortex-m4/soft-float/libsoftdevice_controller_peripheral.a(libsoftdevice_controller_s112_debug_soft__obfuscated.elf)
                0x000045a4                sym_YL4RMM7WH2QQSRTLJX7L5Q2F5KYIEZ5IWMCN3UQ
 .text          0x00004648       0x48 C:/Users/Ryland/ncs/v1.8.0/nrfxlib/softdevice_controller/lib/cortex-m4/soft-float/libsoftdevice_controller_peripheral.a(libsoftdevice_controller_s112_debug_soft__obfuscated.elf)
                0x00004648                sym_47U6MZ7GC5PU2CVEGYFSZO6JE3OMJD4DVLRAUZQ
 .text          0x00004690       0x18 C:/Users/Ryland/ncs/v1.8.0/nrfxlib/softdevice_controller/lib/cortex-m4/soft-float/libsoftdevice_controller_peripheral.a(libsoftdevice_controller_s112_debug_soft__obfuscated.elf)
                0x00004690                sym_LD2UWOJIHNEPQLGRHPDQLYGR7RM2YL5X5777QYQ
 .text          0x000046a8       0x30 C:/Users/Ryland/ncs/v1.8.0/nrfxlib/softdevice_controller/lib/cortex-m4/soft-float/libsoftdevice_controller_peripheral.a(libsoftdevice_controller_s112_debug_soft__obfuscated.elf)
 .text          0x000046d8       0x5c C:/Users/Ryland/ncs/v1.8.0/nrfxlib/softdevice_controller/lib/cortex-m4/soft-float/libsoftdevice_controller_peripheral.a(libsoftdevice_controller_s112_debug_soft__obfuscated.elf)
 .text          0x00004734       0x6c C:/Users/Ryland/ncs/v1.8.0/nrfxlib/softdevice_controller/lib/cortex-m4/soft-float/libsoftdevice_controller_peripheral.a(libsoftdevice_controller_s112_debug_soft__obfuscated.elf)
 .text          0x000047a0       0x30 C:/Users/Ryland/ncs/v1.8.0/nrfxlib/softdevice_controller/lib/cortex-m4/soft-float/libsoftdevice_controller_peripheral.a(libsoftdevice_controller_s112_debug_soft__obfuscated.elf)
                0x000047a0                sym_E5WZNPP2DINHF6K4PHXLYLX5AXTYBQYGQESRSGQ
 .text          0x000047d0       0xd4 C:/Users/Ryland/ncs/v1.8.0/nrfxlib/softdevice_controller/lib/cortex-m4/soft-float/libsoftdevice_controller_peripheral.a(libsoftdevice_controller_s112_debug_soft__obfuscated.elf)
                0x000047d0                sym_2ZCOT6ZEUU54S36NE627GOZVLBS26AFIUJKNLBI
 .text          0x000048a4       0x28 C:/Users/Ryland/ncs/v1.8.0/nrfxlib/softdevice_controller/lib/cortex-m4/soft-float/libsoftdevice_controller_peripheral.a(libsoftdevice_controller_s112_debug_soft__obfuscated.elf)
                0x000048a4                sym_RZ4KEX57U2ASIFFSRQDHBCB7WVJNTOCZSYKJFSA
 .text          0x000048cc       0x4c C:/Users/Ryland/ncs/v1.8.0/nrfxlib/softdevice_controller/lib/cortex-m4/soft-float/libsoftdevice_controller_peripheral.a(libsoftdevice_controller_s112_debug_soft__obfuscated.elf)
                0x000048cc                sym_YRXVGCYVFXOSIQO43AC5UEELHEXP2A4UAFUQRPI
 .text          0x00004918       0x10 C:/Users/Ryland/ncs/v1.8.0/nrfxlib/softdevice_controller/lib/cortex-m4/soft-float/libsoftdevice_controller_peripheral.a(libsoftdevice_controller_s112_debug_soft__obfuscated.elf)
                0x00004918                sym_7YLXP6BHTAWWWMXLB5XOZU3Q27WEPTH5PONOKOI
 .text          0x00004928       0x28 C:/Users/Ryland/ncs/v1.8.0/nrfxlib/softdevice_controller/lib/cortex-m4/soft-float/libsoftdevice_controller_peripheral.a(libsoftdevice_controller_s112_debug_soft__obfuscated.elf)
                0x00004928                sym_QFSP7NEBRUPCXI7KU3RYDOWD7SSPVNXVSULPYYY
 .text          0x00004950        0xc C:/Users/Ryland/ncs/v1.8.0/nrfxlib/softdevice_controller/lib/cortex-m4/soft-float/libsoftdevice_controller_peripheral.a(libsoftdevice_controller_s112_debug_soft__obfuscated.elf)
                0x00004950                sym_O2AFZAWKVBYRIBDK67CHKRSMY4WR2S6V2VOPETI
 .text          0x0000495c       0x24 C:/Users/Ryland/ncs/v1.8.0/nrfxlib/softdevice_controller/lib/cortex-m4/soft-float/libsoftdevice_controller_peripheral.a(libsoftdevice_controller_s112_debug_soft__obfuscated.elf)
                0x0000495c                sym_V7MOOXL5SOLISKFFGWJC7M3XDITU574WBQOXGWY
 .text          0x00004980        0xc C:/Users/Ryland/ncs/v1.8.0/nrfxlib/softdevice_controller/lib/cortex-m4/soft-float/libsoftdevice_controller_peripheral.a(libsoftdevice_controller_s112_debug_soft__obfuscated.elf)
                0x00004980                sym_IXGTNRGKILIZPWG2NJIZ2ALUPW2IM3XFVCGJW2I
 .text          0x0000498c       0x2c C:/Users/Ryland/ncs/v1.8.0/nrfxlib/softdevice_controller/lib/cortex-m4/soft-float/libsoftdevice_controller_peripheral.a(libsoftdevice_controller_s112_debug_soft__obfuscated.elf)
                0x0000498c                sym_54CHYGRI3UHSVLN5ZOGJESXNRISJW5CS4IYBN7Y
 .text          0x000049b8       0x28 C:/Users/Ryland/ncs/v1.8.0/nrfxlib/softdevice_controller/lib/cortex-m4/soft-float/libsoftdevice_controller_peripheral.a(libsoftdevice_controller_s112_debug_soft__obfuscated.elf)
                0x000049b8                sym_AGWGY6I3YKHHV6TMAWL24HN4IKGOB7PZYXPWBRA
 .text          0x000049e0       0x24 C:/Users/Ryland/ncs/v1.8.0/nrfxlib/softdevice_controller/lib/cortex-m4/soft-float/libsoftdevice_controller_peripheral.a(libsoftdevice_controller_s112_debug_soft__obfuscated.elf)
                0x000049e0                sym_JHXS4T25BAYOMDDZMWPX3HMPENRV73GSV2RYHAI
 .text          0x00004a04       0x2c C:/Users/Ryland/ncs/v1.8.0/nrfxlib/softdevice_controller/lib/cortex-m4/soft-float/libsoftdevice_controller_peripheral.a(libsoftdevice_controller_s112_debug_soft__obfuscated.elf)
                0x00004a04                sym_65LA7GM3MU7DDFQKTB75BYTZMPMROSWKS3VXCNI
 .text          0x00004a30        0xc C:/Users/Ryland/ncs/v1.8.0/nrfxlib/softdevice_controller/lib/cortex-m4/soft-float/libsoftdevice_controller_peripheral.a(libsoftdevice_controller_s112_debug_soft__obfuscated.elf)
                0x00004a30                sym_NKFCLZ5HTE6KVHDV5DGZ6TJP4KSZI43SYBECPRY
 .text          0x00004a3c       0x20 C:/Users/Ryland/ncs/v1.8.0/nrfxlib/softdevice_controller/lib/cortex-m4/soft-float/libsoftdevice_controller_peripheral.a(libsoftdevice_controller_s112_debug_soft__obfuscated.elf)
                0x00004a3c                sym_MJCF2WRL4I323V23HKVENOJWV5IXH54R5X6LJRY
 .text          0x00004a5c       0x1c C:/Users/Ryland/ncs/v1.8.0/nrfxlib/softdevice_controller/lib/cortex-m4/soft-float/libsoftdevice_controller_peripheral.a(libsoftdevice_controller_s112_debug_soft__obfuscated.elf)
 .text          0x00004a78       0x30 C:/Users/Ryland/ncs/v1.8.0/nrfxlib/softdevice_controller/lib/cortex-m4/soft-float/libsoftdevice_controller_peripheral.a(libsoftdevice_controller_s112_debug_soft__obfuscated.elf)
                0x00004a78                sym_WCOWXKSKBH7DOKKKINFZAPWXKW4NYAUCJWTUKBI
 .text          0x00004aa8       0x28 C:/Users/Ryland/ncs/v1.8.0/nrfxlib/softdevice_controller/lib/cortex-m4/soft-float/libsoftdevice_controller_peripheral.a(libsoftdevice_controller_s112_debug_soft__obfuscated.elf)
                0x00004aa8                sym_QKSVBALUN2V4XT4OCC56LE75IAYLDFRRIVLBZ2Q
 .text          0x00004ad0       0x20 C:/Users/Ryland/ncs/v1.8.0/nrfxlib/softdevice_controller/lib/cortex-m4/soft-float/libsoftdevice_controller_peripheral.a(libsoftdevice_controller_s112_debug_soft__obfuscated.elf)
                0x00004ad0                sym_AO3U45UEGFLUPMT565ZR5UWUQUONF5AKILLCT3A
 .text          0x00004af0        0xc C:/Users/Ryland/ncs/v1.8.0/nrfxlib/softdevice_controller/lib/cortex-m4/soft-float/libsoftdevice_controller_peripheral.a(libsoftdevice_controller_s112_debug_soft__obfuscated.elf)
                0x00004af0                sym_4UMPVHCMNEM5ENBBHCLGXZREGEKKHKHZOKNMH2I
 .text          0x00004afc        0xc C:/Users/Ryland/ncs/v1.8.0/nrfxlib/softdevice_controller/lib/cortex-m4/soft-float/libsoftdevice_controller_peripheral.a(libsoftdevice_controller_s112_debug_soft__obfuscated.elf)
                0x00004afc                sym_IHWHOAENEU2EYZP2UWQTUC6SSXGS5NNQSIFSEAQ
 .text          0x00004b08        0xc C:/Users/Ryland/ncs/v1.8.0/nrfxlib/softdevice_controller/lib/cortex-m4/soft-float/libsoftdevice_controller_peripheral.a(libsoftdevice_controller_s112_debug_soft__obfuscated.elf)
                0x00004b08                sym_Q3RLGT2MQM6S4H2ODVJHPDU44HGSYVXJV7676ZY
 .text          0x00004b14       0x54 C:/Users/Ryland/ncs/v1.8.0/nrfxlib/softdevice_controller/lib/cortex-m4/soft-float/libsoftdevice_controller_peripheral.a(libsoftdevice_controller_s112_debug_soft__obfuscated.elf)
                0x00004b14                sym_Y7AVZMA56ZL7YUO4EH7QCTNH6P3ZXX2D4F33L2I
 .text          0x00004b68       0x28 C:/Users/Ryland/ncs/v1.8.0/nrfxlib/softdevice_controller/lib/cortex-m4/soft-float/libsoftdevice_controller_peripheral.a(libsoftdevice_controller_s112_debug_soft__obfuscated.elf)
                0x00004b68                sym_ULQ236TSMK6UJATLJCXSX5JBKSVB4ZM2NNU74PA
 .text          0x00004b90        0xc C:/Users/Ryland/ncs/v1.8.0/nrfxlib/softdevice_controller/lib/cortex-m4/soft-float/libsoftdevice_controller_peripheral.a(libsoftdevice_controller_s112_debug_soft__obfuscated.elf)
                0x00004b90                sym_4OWM6DBJ6JLAWH2MVU52MKC56VOOJLN34T33LQA
 .text          0x00004b9c      0x1a0 C:/Users/Ryland/ncs/v1.8.0/nrfxlib/softdevice_controller/lib/cortex-m4/soft-float/libsoftdevice_controller_peripheral.a(libsoftdevice_controller_s112_debug_soft__obfuscated.elf)
                0x00004b9c                sym_SQINY6V2VHFAHM5HL3H753H3QE3VQ7FWHCIJ57Q
 .text          0x00004d3c       0xdc C:/Users/Ryland/ncs/v1.8.0/nrfxlib/softdevice_controller/lib/cortex-m4/soft-float/libsoftdevice_controller_peripheral.a(libsoftdevice_controller_s112_debug_soft__obfuscated.elf)
                0x00004d3c                sym_P6ESEOOF3E3ZRYNBCJWJZXMT4EPJJMHF472YBMQ
 .text          0x00004e18       0x10 C:/Users/Ryland/ncs/v1.8.0/nrfxlib/softdevice_controller/lib/cortex-m4/soft-float/libsoftdevice_controller_peripheral.a(libsoftdevice_controller_s112_debug_soft__obfuscated.elf)
                0x00004e18                sym_ZWLSMB33C6NPFOBZGVPV4PN4UKQGSPLLR4WLDFI
 .text          0x00004e28       0x1c C:/Users/Ryland/ncs/v1.8.0/nrfxlib/softdevice_controller/lib/cortex-m4/soft-float/libsoftdevice_controller_peripheral.a(libsoftdevice_controller_s112_debug_soft__obfuscated.elf)
                0x00004e28                sym_CZFK26FRDZ53FUV75DOIMFWVD4RTHYB6I22U4LA
 .text          0x00004e44       0x38 C:/Users/Ryland/ncs/v1.8.0/nrfxlib/softdevice_controller/lib/cortex-m4/soft-float/libsoftdevice_controller_peripheral.a(libsoftdevice_controller_s112_debug_soft__obfuscated.elf)
                0x00004e44                sym_WCN6C6ROB2XGQKTGXN5OMY5TLRX5IYOWNO7A6PQ
 .text          0x00004e7c       0x10 C:/Users/Ryland/ncs/v1.8.0/nrfxlib/softdevice_controller/lib/cortex-m4/soft-float/libsoftdevice_controller_peripheral.a(libsoftdevice_controller_s112_debug_soft__obfuscated.elf)
 .text          0x00004e8c        0xc C:/Users/Ryland/ncs/v1.8.0/nrfxlib/softdevice_controller/lib/cortex-m4/soft-float/libsoftdevice_controller_peripheral.a(libsoftdevice_controller_s112_debug_soft__obfuscated.elf)
 .text          0x00004e98        0xc C:/Users/Ryland/ncs/v1.8.0/nrfxlib/softdevice_controller/lib/cortex-m4/soft-float/libsoftdevice_controller_peripheral.a(libsoftdevice_controller_s112_debug_soft__obfuscated.elf)
 .text          0x00004ea4        0xc C:/Users/Ryland/ncs/v1.8.0/nrfxlib/softdevice_controller/lib/cortex-m4/soft-float/libsoftdevice_controller_peripheral.a(libsoftdevice_controller_s112_debug_soft__obfuscated.elf)
 .text          0x00004eb0       0x4c C:/Users/Ryland/ncs/v1.8.0/nrfxlib/softdevice_controller/lib/cortex-m4/soft-float/libsoftdevice_controller_peripheral.a(libsoftdevice_controller_s112_debug_soft__obfuscated.elf)
 .text          0x00004efc       0x58 C:/Users/Ryland/ncs/v1.8.0/nrfxlib/softdevice_controller/lib/cortex-m4/soft-float/libsoftdevice_controller_peripheral.a(libsoftdevice_controller_s112_debug_soft__obfuscated.elf)
 .text          0x00004f54       0x28 C:/Users/Ryland/ncs/v1.8.0/nrfxlib/softdevice_controller/lib/cortex-m4/soft-float/libsoftdevice_controller_peripheral.a(libsoftdevice_controller_s112_debug_soft__obfuscated.elf)
 .text          0x00004f7c       0x6c C:/Users/Ryland/ncs/v1.8.0/nrfxlib/softdevice_controller/lib/cortex-m4/soft-float/libsoftdevice_controller_peripheral.a(libsoftdevice_controller_s112_debug_soft__obfuscated.elf)
 .text          0x00004fe8      0x174 C:/Users/Ryland/ncs/v1.8.0/nrfxlib/softdevice_controller/lib/cortex-m4/soft-float/libsoftdevice_controller_peripheral.a(libsoftdevice_controller_s112_debug_soft__obfuscated.elf)
 .text          0x0000515c       0xbc C:/Users/Ryland/ncs/v1.8.0/nrfxlib/softdevice_controller/lib/cortex-m4/soft-float/libsoftdevice_controller_peripheral.a(libsoftdevice_controller_s112_debug_soft__obfuscated.elf)
 .text          0x00005218       0x48 C:/Users/Ryland/ncs/v1.8.0/nrfxlib/softdevice_controller/lib/cortex-m4/soft-float/libsoftdevice_controller_peripheral.a(libsoftdevice_controller_s112_debug_soft__obfuscated.elf)
 .text          0x00005260       0x2c C:/Users/Ryland/ncs/v1.8.0/nrfxlib/softdevice_controller/lib/cortex-m4/soft-float/libsoftdevice_controller_peripheral.a(libsoftdevice_controller_s112_debug_soft__obfuscated.elf)
 .text          0x0000528c       0x38 C:/Users/Ryland/ncs/v1.8.0/nrfxlib/softdevice_controller/lib/cortex-m4/soft-float/libsoftdevice_controller_peripheral.a(libsoftdevice_controller_s112_debug_soft__obfuscated.elf)
 .text          0x000052c4       0x7c C:/Users/Ryland/ncs/v1.8.0/nrfxlib/softdevice_controller/lib/cortex-m4/soft-float/libsoftdevice_controller_peripheral.a(libsoftdevice_controller_s112_debug_soft__obfuscated.elf)
 .text          0x00005340       0x88 C:/Users/Ryland/ncs/v1.8.0/nrfxlib/softdevice_controller/lib/cortex-m4/soft-float/libsoftdevice_controller_peripheral.a(libsoftdevice_controller_s112_debug_soft__obfuscated.elf)
 .text          0x000053c8       0x14 C:/Users/Ryland/ncs/v1.8.0/nrfxlib/softdevice_controller/lib/cortex-m4/soft-float/libsoftdevice_controller_peripheral.a(libsoftdevice_controller_s112_debug_soft__obfuscated.elf)
 .text          0x000053dc       0x7c C:/Users/Ryland/ncs/v1.8.0/nrfxlib/softdevice_controller/lib/cortex-m4/soft-float/libsoftdevice_controller_peripheral.a(libsoftdevice_controller_s112_debug_soft__obfuscated.elf)
 .text          0x00005458      0x188 C:/Users/Ryland/ncs/v1.8.0/nrfxlib/softdevice_controller/lib/cortex-m4/soft-float/libsoftdevice_controller_peripheral.a(libsoftdevice_controller_s112_debug_soft__obfuscated.elf)
 .text          0x000055e0       0x10 C:/Users/Ryland/ncs/v1.8.0/nrfxlib/softdevice_controller/lib/cortex-m4/soft-float/libsoftdevice_controller_peripheral.a(libsoftdevice_controller_s112_debug_soft__obfuscated.elf)
 .text          0x000055f0        0x8 C:/Users/Ryland/ncs/v1.8.0/nrfxlib/softdevice_controller/lib/cortex-m4/soft-float/libsoftdevice_controller_peripheral.a(libsoftdevice_controller_s112_debug_soft__obfuscated.elf)
                0x000055f0                sym_3Q2UQ65DVTXA3EZPN34QXGGEFSEA6HOSHLFXCMI
 .text          0x000055f8       0x18 C:/Users/Ryland/ncs/v1.8.0/nrfxlib/softdevice_controller/lib/cortex-m4/soft-float/libsoftdevice_controller_peripheral.a(libsoftdevice_controller_s112_debug_soft__obfuscated.elf)
                0x000055f8                sym_BAUTABQSJLBAZ6GNH7KOF4MJMAA6NF7CDAZNOEQ
 .text          0x00005610       0x18 C:/Users/Ryland/ncs/v1.8.0/nrfxlib/softdevice_controller/lib/cortex-m4/soft-float/libsoftdevice_controller_peripheral.a(libsoftdevice_controller_s112_debug_soft__obfuscated.elf)
                0x00005610                sym_F2LWAH27IT4H2IA7TZWGNABUCWINGT6MWXH2WIA
 .text          0x00005628       0x1c C:/Users/Ryland/ncs/v1.8.0/nrfxlib/softdevice_controller/lib/cortex-m4/soft-float/libsoftdevice_controller_peripheral.a(libsoftdevice_controller_s112_debug_soft__obfuscated.elf)
                0x00005628                sym_GV7ZEDU63KACGR6K3NXW7W7XARTADNTCQ3P2HLA
 .text          0x00005644       0x4c C:/Users/Ryland/ncs/v1.8.0/nrfxlib/softdevice_controller/lib/cortex-m4/soft-float/libsoftdevice_controller_peripheral.a(libsoftdevice_controller_s112_debug_soft__obfuscated.elf)
                0x00005644                sym_3DXBFDJKO3IQEXOOHBMVXVTLDDG5FSS3TKAZNFY
 .text          0x00005690       0x18 C:/Users/Ryland/ncs/v1.8.0/nrfxlib/softdevice_controller/lib/cortex-m4/soft-float/libsoftdevice_controller_peripheral.a(libsoftdevice_controller_s112_debug_soft__obfuscated.elf)
                0x00005690                sym_PLOW4TMGVQT52FP2ERNRL6S5EELE2YO563WRPJA
 .text          0x000056a8       0x34 C:/Users/Ryland/ncs/v1.8.0/nrfxlib/softdevice_controller/lib/cortex-m4/soft-float/libsoftdevice_controller_peripheral.a(libsoftdevice_controller_s112_debug_soft__obfuscated.elf)
                0x000056a8                sym_62DUXM4M5AM4URNPP7IKDX3NCPAODBT4BMADGAY
 .text          0x000056dc        0xc C:/Users/Ryland/ncs/v1.8.0/nrfxlib/softdevice_controller/lib/cortex-m4/soft-float/libsoftdevice_controller_peripheral.a(libsoftdevice_controller_s112_debug_soft__obfuscated.elf)
                0x000056dc                sym_R5RFYNEZN3LQHKUKJDN3JLSNHLY4DPKXW3KZMYA
 .text          0x000056e8        0xc C:/Users/Ryland/ncs/v1.8.0/nrfxlib/softdevice_controller/lib/cortex-m4/soft-float/libsoftdevice_controller_peripheral.a(libsoftdevice_controller_s112_debug_soft__obfuscated.elf)
                0x000056e8                sym_WHSZ4VQHSDNZTVWJWAYGMNU7AWSUZKLKTBUNDPY
 .text          0x000056f4       0x34 C:/Users/Ryland/ncs/v1.8.0/nrfxlib/softdevice_controller/lib/cortex-m4/soft-float/libsoftdevice_controller_peripheral.a(libsoftdevice_controller_s112_debug_soft__obfuscated.elf)
                0x000056f4                sym_YAOI5BW7G2C6EUUY2B4S7A3CWX63A6MP2T3O5KA
 .text          0x00005728       0x24 C:/Users/Ryland/ncs/v1.8.0/nrfxlib/softdevice_controller/lib/cortex-m4/soft-float/libsoftdevice_controller_peripheral.a(libsoftdevice_controller_s112_debug_soft__obfuscated.elf)
                0x00005728                sym_IJTA37LCLZMYZVQ3I74HRUK4JDZEZR23VU3JFJI
 .text          0x0000574c       0x8c C:/Users/Ryland/ncs/v1.8.0/nrfxlib/softdevice_controller/lib/cortex-m4/soft-float/libsoftdevice_controller_peripheral.a(libsoftdevice_controller_s112_debug_soft__obfuscated.elf)
                0x0000574c                sym_Z3745JZ5MC4MMBP2LFCOSP7OKPPVFDOPIURJWVQ
 .text          0x000057d8       0x20 C:/Users/Ryland/ncs/v1.8.0/nrfxlib/softdevice_controller/lib/cortex-m4/soft-float/libsoftdevice_controller_peripheral.a(libsoftdevice_controller_s112_debug_soft__obfuscated.elf)
                0x000057d8                sym_FLX2PIIVHO3CLB5CJ7E7YSNFE2YWATNH27BL53A
 .text          0x000057f8        0xc C:/Users/Ryland/ncs/v1.8.0/nrfxlib/softdevice_controller/lib/cortex-m4/soft-float/libsoftdevice_controller_peripheral.a(libsoftdevice_controller_s112_debug_soft__obfuscated.elf)
                0x000057f8                sym_RHRHCWPUPZHCOID576WBS7QZ2KAUT2GASS2T3QY
 .text          0x00005804       0x1c C:/Users/Ryland/ncs/v1.8.0/nrfxlib/softdevice_controller/lib/cortex-m4/soft-float/libsoftdevice_controller_peripheral.a(libsoftdevice_controller_s112_debug_soft__obfuscated.elf)
                0x00005804                sym_62B4NCI2CQZLPPINCQVCHO6SYLZVDAWVVCHWS3I
 .text          0x00005820       0x1c C:/Users/Ryland/ncs/v1.8.0/nrfxlib/softdevice_controller/lib/cortex-m4/soft-float/libsoftdevice_controller_peripheral.a(libsoftdevice_controller_s112_debug_soft__obfuscated.elf)
                0x00005820                sym_QEQGMTIGG3AOZQY7JM4T2FY2O3KM2UFUMT6Q7PI
 .text          0x0000583c       0x50 C:/Users/Ryland/ncs/v1.8.0/nrfxlib/softdevice_controller/lib/cortex-m4/soft-float/libsoftdevice_controller_peripheral.a(libsoftdevice_controller_s112_debug_soft__obfuscated.elf)
                0x0000583c                sym_GHVM34OXBYILMDKR3F5DVNCQCBMJUJL5PW2RQYQ
 .text          0x0000588c       0x38 C:/Users/Ryland/ncs/v1.8.0/nrfxlib/softdevice_controller/lib/cortex-m4/soft-float/libsoftdevice_controller_peripheral.a(libsoftdevice_controller_s112_debug_soft__obfuscated.elf)
                0x0000588c                sym_KO3VCNGABVWM4325342CFFPZBSXFKFARUCMURAY
 .text          0x000058c4       0x74 C:/Users/Ryland/ncs/v1.8.0/nrfxlib/softdevice_controller/lib/cortex-m4/soft-float/libsoftdevice_controller_peripheral.a(libsoftdevice_controller_s112_debug_soft__obfuscated.elf)
                0x000058c4                sym_NCQ5WTBCV7DGPK3QI3SSY5XGKOI2SE3XFCTKQKY
 .text          0x00005938       0x30 C:/Users/Ryland/ncs/v1.8.0/nrfxlib/softdevice_controller/lib/cortex-m4/soft-float/libsoftdevice_controller_peripheral.a(libsoftdevice_controller_s112_debug_soft__obfuscated.elf)
 .text          0x00005968       0x28 C:/Users/Ryland/ncs/v1.8.0/nrfxlib/softdevice_controller/lib/cortex-m4/soft-float/libsoftdevice_controller_peripheral.a(libsoftdevice_controller_s112_debug_soft__obfuscated.elf)
 .text          0x00005990       0x38 C:/Users/Ryland/ncs/v1.8.0/nrfxlib/softdevice_controller/lib/cortex-m4/soft-float/libsoftdevice_controller_peripheral.a(libsoftdevice_controller_s112_debug_soft__obfuscated.elf)
 .text          0x000059c8       0x44 C:/Users/Ryland/ncs/v1.8.0/nrfxlib/softdevice_controller/lib/cortex-m4/soft-float/libsoftdevice_controller_peripheral.a(libsoftdevice_controller_s112_debug_soft__obfuscated.elf)
 .text          0x00005a0c       0x4c C:/Users/Ryland/ncs/v1.8.0/nrfxlib/softdevice_controller/lib/cortex-m4/soft-float/libsoftdevice_controller_peripheral.a(libsoftdevice_controller_s112_debug_soft__obfuscated.elf)
 .text          0x00005a58       0x90 C:/Users/Ryland/ncs/v1.8.0/nrfxlib/softdevice_controller/lib/cortex-m4/soft-float/libsoftdevice_controller_peripheral.a(libsoftdevice_controller_s112_debug_soft__obfuscated.elf)
 .text          0x00005ae8       0x1c C:/Users/Ryland/ncs/v1.8.0/nrfxlib/softdevice_controller/lib/cortex-m4/soft-float/libsoftdevice_controller_peripheral.a(libsoftdevice_controller_s112_debug_soft__obfuscated.elf)
 .text          0x00005b04       0xc4 C:/Users/Ryland/ncs/v1.8.0/nrfxlib/softdevice_controller/lib/cortex-m4/soft-float/libsoftdevice_controller_peripheral.a(libsoftdevice_controller_s112_debug_soft__obfuscated.elf)
                0x00005b04                sym_4NT3PFFI5Z6RN57T2HW54HJZ23JEQUTUQPJLJGI
 .text          0x00005bc8       0x60 C:/Users/Ryland/ncs/v1.8.0/nrfxlib/softdevice_controller/lib/cortex-m4/soft-float/libsoftdevice_controller_peripheral.a(libsoftdevice_controller_s112_debug_soft__obfuscated.elf)
 .text          0x00005c28       0xa6 C:/Users/Ryland/ncs/v1.8.0/nrfxlib/softdevice_controller/lib/cortex-m4/soft-float/libsoftdevice_controller_peripheral.a(libsoftdevice_controller_s112_debug_soft__obfuscated.elf)
                0x00005c28                sym_KHCOV3Y476ESNIVYZPGAZMIYAIZNR3YMGCWNDEQ
 *fill*         0x00005cce        0x2 
 .text          0x00005cd0       0x86 C:/Users/Ryland/ncs/v1.8.0/nrfxlib/softdevice_controller/lib/cortex-m4/soft-float/libsoftdevice_controller_peripheral.a(libsoftdevice_controller_s112_debug_soft__obfuscated.elf)
 *fill*         0x00005d56        0x2 
 .text          0x00005d58       0x20 C:/Users/Ryland/ncs/v1.8.0/nrfxlib/softdevice_controller/lib/cortex-m4/soft-float/libsoftdevice_controller_peripheral.a(libsoftdevice_controller_s112_debug_soft__obfuscated.elf)
                0x00005d58                sym_AQNKAYNIT4GTGTVAKOZJZSWZBN4I6FFKO6L5AXA
 .text          0x00005d78       0x38 C:/Users/Ryland/ncs/v1.8.0/nrfxlib/softdevice_controller/lib/cortex-m4/soft-float/libsoftdevice_controller_peripheral.a(libsoftdevice_controller_s112_debug_soft__obfuscated.elf)
                0x00005d78                sym_OIELJZXQUH4XDAK7XBXBJX4CE2IIXWLOTEZEOSI
 .text          0x00005db0       0x28 C:/Users/Ryland/ncs/v1.8.0/nrfxlib/softdevice_controller/lib/cortex-m4/soft-float/libsoftdevice_controller_peripheral.a(libsoftdevice_controller_s112_debug_soft__obfuscated.elf)
                0x00005db0                sym_ASSU5HSD7LU7BXC2C2QNNVLB6AOHO4SQ3KK3OJY
 .text          0x00005dd8       0xa0 C:/Users/Ryland/ncs/v1.8.0/nrfxlib/softdevice_controller/lib/cortex-m4/soft-float/libsoftdevice_controller_peripheral.a(libsoftdevice_controller_s112_debug_soft__obfuscated.elf)
                0x00005dd8                sym_2NLJY3RIUYXQOZYTZ6WNJA5SS4UKGFLVECP5SQA
 .text          0x00005e78       0x74 C:/Users/Ryland/ncs/v1.8.0/nrfxlib/softdevice_controller/lib/cortex-m4/soft-float/libsoftdevice_controller_peripheral.a(libsoftdevice_controller_s112_debug_soft__obfuscated.elf)
                0x00005e78                sym_ADAOR2PXB5YPMJS5MYFIWVIQAXMEM4PRXEVX3JI
 .text          0x00005eec      0x13c C:/Users/Ryland/ncs/v1.8.0/nrfxlib/softdevice_controller/lib/cortex-m4/soft-float/libsoftdevice_controller_peripheral.a(libsoftdevice_controller_s112_debug_soft__obfuscated.elf)
                0x00005eec                sym_FTGDIHB35XVITI7QRBPNULMZCYC2B7JJ7JXVWYA
 .text          0x00006028       0x54 C:/Users/Ryland/ncs/v1.8.0/nrfxlib/softdevice_controller/lib/cortex-m4/soft-float/libsoftdevice_controller_peripheral.a(libsoftdevice_controller_s112_debug_soft__obfuscated.elf)
                0x00006028                sym_BBCGHL23UJV466BYW2SHQ2OBUQH4NLFTPMY4GQA
 .text          0x0000607c       0x34 C:/Users/Ryland/ncs/v1.8.0/nrfxlib/softdevice_controller/lib/cortex-m4/soft-float/libsoftdevice_controller_peripheral.a(libsoftdevice_controller_s112_debug_soft__obfuscated.elf)
                0x0000607c                sym_ZUFGUNQKQRINYDDQ2AFT3BJLR3IFVV6WJFPT3PA
 .text          0x000060b0       0xac C:/Users/Ryland/ncs/v1.8.0/nrfxlib/softdevice_controller/lib/cortex-m4/soft-float/libsoftdevice_controller_peripheral.a(libsoftdevice_controller_s112_debug_soft__obfuscated.elf)
 .text          0x0000615c       0xb8 C:/Users/Ryland/ncs/v1.8.0/nrfxlib/softdevice_controller/lib/cortex-m4/soft-float/libsoftdevice_controller_peripheral.a(libsoftdevice_controller_s112_debug_soft__obfuscated.elf)
 .text          0x00006214       0x6c C:/Users/Ryland/ncs/v1.8.0/nrfxlib/softdevice_controller/lib/cortex-m4/soft-float/libsoftdevice_controller_peripheral.a(libsoftdevice_controller_s112_debug_soft__obfuscated.elf)
                0x00006214                sym_HRCF6LWSDWPWEZA7S5YQFCNRDXXCJA6WGOZECRY
 .text          0x00006280       0xc0 C:/Users/Ryland/ncs/v1.8.0/nrfxlib/softdevice_controller/lib/cortex-m4/soft-float/libsoftdevice_controller_peripheral.a(libsoftdevice_controller_s112_debug_soft__obfuscated.elf)
                0x00006280                sym_JIJASGQH4XEEPZL7D35VQHVPKKLANGDBS2M46NQ
 .text          0x00006340       0xb0 C:/Users/Ryland/ncs/v1.8.0/nrfxlib/softdevice_controller/lib/cortex-m4/soft-float/libsoftdevice_controller_peripheral.a(libsoftdevice_controller_s112_debug_soft__obfuscated.elf)
                0x00006340                sym_J4NWMRMCG7RYO342PTMJRJ2HQEKT7SCETMBVQDA
 .text          0x000063f0      0x14c C:/Users/Ryland/ncs/v1.8.0/nrfxlib/softdevice_controller/lib/cortex-m4/soft-float/libsoftdevice_controller_peripheral.a(libsoftdevice_controller_s112_debug_soft__obfuscated.elf)
                0x000063f0                sym_L2IWXNCKXJIQJRTEIIW7HGFEPJAQM34TKD2GOIA
 .text          0x0000653c       0x34 C:/Users/Ryland/ncs/v1.8.0/nrfxlib/softdevice_controller/lib/cortex-m4/soft-float/libsoftdevice_controller_peripheral.a(libsoftdevice_controller_s112_debug_soft__obfuscated.elf)
                0x0000653c                sym_KC3JIKE7HTERE3Q3BXMRUIDPAENUZKVBIDO6ODY
 .text          0x00006570       0x10 C:/Users/Ryland/ncs/v1.8.0/nrfxlib/softdevice_controller/lib/cortex-m4/soft-float/libsoftdevice_controller_peripheral.a(libsoftdevice_controller_s112_debug_soft__obfuscated.elf)
                0x00006570                sym_BPVIPCP3IMFHHNRASYWRUQPTOXIXQGWP3DTKXWI
 .text          0x00006580       0x10 C:/Users/Ryland/ncs/v1.8.0/nrfxlib/softdevice_controller/lib/cortex-m4/soft-float/libsoftdevice_controller_peripheral.a(libsoftdevice_controller_s112_debug_soft__obfuscated.elf)
                0x00006580                sym_PY5KUATPBYOYJBMP6H7AVRPSEO7BZX2JK524O6A
 .text          0x00006590       0x28 C:/Users/Ryland/ncs/v1.8.0/nrfxlib/softdevice_controller/lib/cortex-m4/soft-float/libsoftdevice_controller_peripheral.a(libsoftdevice_controller_s112_debug_soft__obfuscated.elf)
                0x00006590                sym_4WIY2RAFLOZNOS4O5BEVWEYHIO3NV42IZ2Q2NWQ
 .text          0x000065b8       0x18 C:/Users/Ryland/ncs/v1.8.0/nrfxlib/softdevice_controller/lib/cortex-m4/soft-float/libsoftdevice_controller_peripheral.a(libsoftdevice_controller_s112_debug_soft__obfuscated.elf)
                0x000065b8                sym_ID5SI2L6AD3KMSDR72YSJZGVIA6DEYQZU7WJI3I
 .text          0x000065d0       0x10 C:/Users/Ryland/ncs/v1.8.0/nrfxlib/softdevice_controller/lib/cortex-m4/soft-float/libsoftdevice_controller_peripheral.a(libsoftdevice_controller_s112_debug_soft__obfuscated.elf)
                0x000065d0                sym_I72BLVRK23UDT6KM4GEW6EVDLN4L7QB2CLD4CMY
 .text          0x000065e0      0x114 C:/Users/Ryland/ncs/v1.8.0/nrfxlib/softdevice_controller/lib/cortex-m4/soft-float/libsoftdevice_controller_peripheral.a(libsoftdevice_controller_s112_debug_soft__obfuscated.elf)
 .text          0x000066f4       0xc8 C:/Users/Ryland/ncs/v1.8.0/nrfxlib/softdevice_controller/lib/cortex-m4/soft-float/libsoftdevice_controller_peripheral.a(libsoftdevice_controller_s112_debug_soft__obfuscated.elf)
 .text          0x000067bc       0x28 C:/Users/Ryland/ncs/v1.8.0/nrfxlib/softdevice_controller/lib/cortex-m4/soft-float/libsoftdevice_controller_peripheral.a(libsoftdevice_controller_s112_debug_soft__obfuscated.elf)
 .text          0x000067e4       0x30 C:/Users/Ryland/ncs/v1.8.0/nrfxlib/softdevice_controller/lib/cortex-m4/soft-float/libsoftdevice_controller_peripheral.a(libsoftdevice_controller_s112_debug_soft__obfuscated.elf)
 .text          0x00006814       0x54 C:/Users/Ryland/ncs/v1.8.0/nrfxlib/softdevice_controller/lib/cortex-m4/soft-float/libsoftdevice_controller_peripheral.a(libsoftdevice_controller_s112_debug_soft__obfuscated.elf)
 .text          0x00006868       0x54 C:/Users/Ryland/ncs/v1.8.0/nrfxlib/softdevice_controller/lib/cortex-m4/soft-float/libsoftdevice_controller_peripheral.a(libsoftdevice_controller_s112_debug_soft__obfuscated.elf)
 .text          0x000068bc       0x24 C:/Users/Ryland/ncs/v1.8.0/nrfxlib/softdevice_controller/lib/cortex-m4/soft-float/libsoftdevice_controller_peripheral.a(libsoftdevice_controller_s112_debug_soft__obfuscated.elf)
 .text          0x000068e0      0x180 C:/Users/Ryland/ncs/v1.8.0/nrfxlib/softdevice_controller/lib/cortex-m4/soft-float/libsoftdevice_controller_peripheral.a(libsoftdevice_controller_s112_debug_soft__obfuscated.elf)
                0x000068e0                sym_KBJ4SX4MJK4IAM4DI3ILSISVXIP6O72O62TW3OQ
 .text          0x00006a60       0x24 C:/Users/Ryland/ncs/v1.8.0/nrfxlib/softdevice_controller/lib/cortex-m4/soft-float/libsoftdevice_controller_peripheral.a(libsoftdevice_controller_s112_debug_soft__obfuscated.elf)
 .text          0x00006a84       0x34 C:/Users/Ryland/ncs/v1.8.0/nrfxlib/softdevice_controller/lib/cortex-m4/soft-float/libsoftdevice_controller_peripheral.a(libsoftdevice_controller_s112_debug_soft__obfuscated.elf)
 .text          0x00006ab8       0xac C:/Users/Ryland/ncs/v1.8.0/nrfxlib/softdevice_controller/lib/cortex-m4/soft-float/libsoftdevice_controller_peripheral.a(libsoftdevice_controller_s112_debug_soft__obfuscated.elf)
 .text          0x00006b64       0x80 C:/Users/Ryland/ncs/v1.8.0/nrfxlib/softdevice_controller/lib/cortex-m4/soft-float/libsoftdevice_controller_peripheral.a(libsoftdevice_controller_s112_debug_soft__obfuscated.elf)
 .text          0x00006be4       0xe8 C:/Users/Ryland/ncs/v1.8.0/nrfxlib/softdevice_controller/lib/cortex-m4/soft-float/libsoftdevice_controller_peripheral.a(libsoftdevice_controller_s112_debug_soft__obfuscated.elf)
 .text          0x00006ccc       0x58 C:/Users/Ryland/ncs/v1.8.0/nrfxlib/softdevice_controller/lib/cortex-m4/soft-float/libsoftdevice_controller_peripheral.a(libsoftdevice_controller_s112_debug_soft__obfuscated.elf)
 .text          0x00006d24       0xf4 C:/Users/Ryland/ncs/v1.8.0/nrfxlib/softdevice_controller/lib/cortex-m4/soft-float/libsoftdevice_controller_peripheral.a(libsoftdevice_controller_s112_debug_soft__obfuscated.elf)
 .text          0x00006e18       0xb0 C:/Users/Ryland/ncs/v1.8.0/nrfxlib/softdevice_controller/lib/cortex-m4/soft-float/libsoftdevice_controller_peripheral.a(libsoftdevice_controller_s112_debug_soft__obfuscated.elf)
 .text          0x00006ec8       0x74 C:/Users/Ryland/ncs/v1.8.0/nrfxlib/softdevice_controller/lib/cortex-m4/soft-float/libsoftdevice_controller_peripheral.a(libsoftdevice_controller_s112_debug_soft__obfuscated.elf)
 .text          0x00006f3c       0x4c C:/Users/Ryland/ncs/v1.8.0/nrfxlib/softdevice_controller/lib/cortex-m4/soft-float/libsoftdevice_controller_peripheral.a(libsoftdevice_controller_s112_debug_soft__obfuscated.elf)
 .text          0x00006f88       0x10 C:/Users/Ryland/ncs/v1.8.0/nrfxlib/softdevice_controller/lib/cortex-m4/soft-float/libsoftdevice_controller_peripheral.a(libsoftdevice_controller_s112_debug_soft__obfuscated.elf)
 .text          0x00006f98       0x90 C:/Users/Ryland/ncs/v1.8.0/nrfxlib/softdevice_controller/lib/cortex-m4/soft-float/libsoftdevice_controller_peripheral.a(libsoftdevice_controller_s112_debug_soft__obfuscated.elf)
 .text          0x00007028       0x24 C:/Users/Ryland/ncs/v1.8.0/nrfxlib/softdevice_controller/lib/cortex-m4/soft-float/libsoftdevice_controller_peripheral.a(libsoftdevice_controller_s112_debug_soft__obfuscated.elf)
 .text          0x0000704c       0x14 C:/Users/Ryland/ncs/v1.8.0/nrfxlib/softdevice_controller/lib/cortex-m4/soft-float/libsoftdevice_controller_peripheral.a(libsoftdevice_controller_s112_debug_soft__obfuscated.elf)
 .text          0x00007060        0x4 C:/Users/Ryland/ncs/v1.8.0/nrfxlib/softdevice_controller/lib/cortex-m4/soft-float/libsoftdevice_controller_peripheral.a(libsoftdevice_controller_s112_debug_soft__obfuscated.elf)
 .text          0x00007064        0x8 C:/Users/Ryland/ncs/v1.8.0/nrfxlib/softdevice_controller/lib/cortex-m4/soft-float/libsoftdevice_controller_peripheral.a(libsoftdevice_controller_s112_debug_soft__obfuscated.elf)
 .text          0x0000706c        0x4 C:/Users/Ryland/ncs/v1.8.0/nrfxlib/softdevice_controller/lib/cortex-m4/soft-float/libsoftdevice_controller_peripheral.a(libsoftdevice_controller_s112_debug_soft__obfuscated.elf)
 .text          0x00007070       0x18 C:/Users/Ryland/ncs/v1.8.0/nrfxlib/softdevice_controller/lib/cortex-m4/soft-float/libsoftdevice_controller_peripheral.a(libsoftdevice_controller_s112_debug_soft__obfuscated.elf)
 .text          0x00007088       0x40 C:/Users/Ryland/ncs/v1.8.0/nrfxlib/softdevice_controller/lib/cortex-m4/soft-float/libsoftdevice_controller_peripheral.a(libsoftdevice_controller_s112_debug_soft__obfuscated.elf)
                0x00007088                sym_6FVWF5AWPR7EN7BPHS4APSIUXYFZQTTZCMRDKPY
 .text          0x000070c8       0x58 C:/Users/Ryland/ncs/v1.8.0/nrfxlib/softdevice_controller/lib/cortex-m4/soft-float/libsoftdevice_controller_peripheral.a(libsoftdevice_controller_s112_debug_soft__obfuscated.elf)
                0x000070c8                sym_CWVFJQ3UTS5MGUYKHB563UDBBB3FBCXUIVZDU2I
 .text          0x00007120      0x128 C:/Users/Ryland/ncs/v1.8.0/nrfxlib/softdevice_controller/lib/cortex-m4/soft-float/libsoftdevice_controller_peripheral.a(libsoftdevice_controller_s112_debug_soft__obfuscated.elf)
                0x00007120                sym_5AXOP4FMWSDQG27BL6BIS5GAVXQZMPGL37SAGQA
 .text          0x00007248       0x14 C:/Users/Ryland/ncs/v1.8.0/nrfxlib/softdevice_controller/lib/cortex-m4/soft-float/libsoftdevice_controller_peripheral.a(libsoftdevice_controller_s112_debug_soft__obfuscated.elf)
                0x00007248                sym_2MTQAETLPZUE4ZJFGJBDUADTDDEDQL67CNLDYRY
 .text          0x0000725c        0xc C:/Users/Ryland/ncs/v1.8.0/nrfxlib/softdevice_controller/lib/cortex-m4/soft-float/libsoftdevice_controller_peripheral.a(libsoftdevice_controller_s112_debug_soft__obfuscated.elf)
                0x0000725c                sym_WMA2OWGJYGOIIQV6R2LKF37IWYQHWWBT5LUJG6A
 .text          0x00007268       0x1c C:/Users/Ryland/ncs/v1.8.0/nrfxlib/softdevice_controller/lib/cortex-m4/soft-float/libsoftdevice_controller_peripheral.a(libsoftdevice_controller_s112_debug_soft__obfuscated.elf)
                0x00007268                sym_2XQD73Z3W4NFFHWTLZCIS7IQ3ACFNR3KKEBKCJQ
 .text          0x00007284       0x4c C:/Users/Ryland/ncs/v1.8.0/nrfxlib/softdevice_controller/lib/cortex-m4/soft-float/libsoftdevice_controller_peripheral.a(libsoftdevice_controller_s112_debug_soft__obfuscated.elf)
                0x00007284                sym_FQCHK2QLF7THGK7G4A4OWWNXI3K2TVYTTB4U4GY
 .text          0x000072d0       0x94 C:/Users/Ryland/ncs/v1.8.0/nrfxlib/softdevice_controller/lib/cortex-m4/soft-float/libsoftdevice_controller_peripheral.a(libsoftdevice_controller_s112_debug_soft__obfuscated.elf)
                0x000072d0                sym_EXAZKO22MNOFNIXIFHQ2Z4GAYMKBCE2UPJ6JSVI
 .text          0x00007364       0x1c C:/Users/Ryland/ncs/v1.8.0/nrfxlib/softdevice_controller/lib/cortex-m4/soft-float/libsoftdevice_controller_peripheral.a(libsoftdevice_controller_s112_debug_soft__obfuscated.elf)
 .text          0x00007380       0x68 C:/Users/Ryland/ncs/v1.8.0/nrfxlib/softdevice_controller/lib/cortex-m4/soft-float/libsoftdevice_controller_peripheral.a(libsoftdevice_controller_s112_debug_soft__obfuscated.elf)
 .text          0x000073e8       0xe4 C:/Users/Ryland/ncs/v1.8.0/nrfxlib/softdevice_controller/lib/cortex-m4/soft-float/libsoftdevice_controller_peripheral.a(libsoftdevice_controller_s112_debug_soft__obfuscated.elf)
 .text          0x000074cc       0x54 C:/Users/Ryland/ncs/v1.8.0/nrfxlib/softdevice_controller/lib/cortex-m4/soft-float/libsoftdevice_controller_peripheral.a(libsoftdevice_controller_s112_debug_soft__obfuscated.elf)
 .text          0x00007520      0x420 C:/Users/Ryland/ncs/v1.8.0/nrfxlib/softdevice_controller/lib/cortex-m4/soft-float/libsoftdevice_controller_peripheral.a(libsoftdevice_controller_s112_debug_soft__obfuscated.elf)
 .text          0x00007940       0xa8 C:/Users/Ryland/ncs/v1.8.0/nrfxlib/softdevice_controller/lib/cortex-m4/soft-float/libsoftdevice_controller_peripheral.a(libsoftdevice_controller_s112_debug_soft__obfuscated.elf)
 .text          0x000079e8       0x6c C:/Users/Ryland/ncs/v1.8.0/nrfxlib/softdevice_controller/lib/cortex-m4/soft-float/libsoftdevice_controller_peripheral.a(libsoftdevice_controller_s112_debug_soft__obfuscated.elf)
 .text          0x00007a54       0x30 C:/Users/Ryland/ncs/v1.8.0/nrfxlib/softdevice_controller/lib/cortex-m4/soft-float/libsoftdevice_controller_peripheral.a(libsoftdevice_controller_s112_debug_soft__obfuscated.elf)
                0x00007a54                sym_OGXWMXSCK2QG6TOSCWHHS4PII24VSXWVJJIPCDI
 .text          0x00007a84      0x280 C:/Users/Ryland/ncs/v1.8.0/nrfxlib/softdevice_controller/lib/cortex-m4/soft-float/libsoftdevice_controller_peripheral.a(libsoftdevice_controller_s112_debug_soft__obfuscated.elf)
                0x00007a84                sym_I4MPPJWE5TYSC2ELQNUWYVNFYJKDDDI4E2NHKYA
 .text          0x00007d04       0xd8 C:/Users/Ryland/ncs/v1.8.0/nrfxlib/softdevice_controller/lib/cortex-m4/soft-float/libsoftdevice_controller_peripheral.a(libsoftdevice_controller_s112_debug_soft__obfuscated.elf)
                0x00007d04                sym_FIYSAC63N2FF462LEI76F5US34JKFTAQDSI2LXA
 .text          0x00007ddc       0x30 C:/Users/Ryland/ncs/v1.8.0/nrfxlib/softdevice_controller/lib/cortex-m4/soft-float/libsoftdevice_controller_peripheral.a(libsoftdevice_controller_s112_debug_soft__obfuscated.elf)
                0x00007ddc                sym_B2B7AU2WDMX5JQNGTX4YKNCWQCXQIG5PWSSOSAI
 .text          0x00007e0c      0x208 C:/Users/Ryland/ncs/v1.8.0/nrfxlib/softdevice_controller/lib/cortex-m4/soft-float/libsoftdevice_controller_peripheral.a(libsoftdevice_controller_s112_debug_soft__obfuscated.elf)
                0x00007e0c                sym_GRKUQI62F6CK2HPCZKZRWSZ3PZVCGXTWPZAIMJA
 .text          0x00008014       0x44 C:/Users/Ryland/ncs/v1.8.0/nrfxlib/softdevice_controller/lib/cortex-m4/soft-float/libsoftdevice_controller_peripheral.a(libsoftdevice_controller_s112_debug_soft__obfuscated.elf)
 .text          0x00008058       0x18 C:/Users/Ryland/ncs/v1.8.0/nrfxlib/softdevice_controller/lib/cortex-m4/soft-float/libsoftdevice_controller_peripheral.a(libsoftdevice_controller_s112_debug_soft__obfuscated.elf)
 .text          0x00008070       0x24 C:/Users/Ryland/ncs/v1.8.0/nrfxlib/softdevice_controller/lib/cortex-m4/soft-float/libsoftdevice_controller_peripheral.a(libsoftdevice_controller_s112_debug_soft__obfuscated.elf)
 .text          0x00008094       0x70 C:/Users/Ryland/ncs/v1.8.0/nrfxlib/softdevice_controller/lib/cortex-m4/soft-float/libsoftdevice_controller_peripheral.a(libsoftdevice_controller_s112_debug_soft__obfuscated.elf)
 .text          0x00008104       0xe8 C:/Users/Ryland/ncs/v1.8.0/nrfxlib/softdevice_controller/lib/cortex-m4/soft-float/libsoftdevice_controller_peripheral.a(libsoftdevice_controller_s112_debug_soft__obfuscated.elf)
 .text          0x000081ec       0x54 C:/Users/Ryland/ncs/v1.8.0/nrfxlib/softdevice_controller/lib/cortex-m4/soft-float/libsoftdevice_controller_peripheral.a(libsoftdevice_controller_s112_debug_soft__obfuscated.elf)
 .text          0x00008240       0x6c C:/Users/Ryland/ncs/v1.8.0/nrfxlib/softdevice_controller/lib/cortex-m4/soft-float/libsoftdevice_controller_peripheral.a(libsoftdevice_controller_s112_debug_soft__obfuscated.elf)
 .text          0x000082ac       0x38 C:/Users/Ryland/ncs/v1.8.0/nrfxlib/softdevice_controller/lib/cortex-m4/soft-float/libsoftdevice_controller_peripheral.a(libsoftdevice_controller_s112_debug_soft__obfuscated.elf)
 .text          0x000082e4       0xfc C:/Users/Ryland/ncs/v1.8.0/nrfxlib/softdevice_controller/lib/cortex-m4/soft-float/libsoftdevice_controller_peripheral.a(libsoftdevice_controller_s112_debug_soft__obfuscated.elf)
 .text          0x000083e0       0x30 C:/Users/Ryland/ncs/v1.8.0/nrfxlib/softdevice_controller/lib/cortex-m4/soft-float/libsoftdevice_controller_peripheral.a(libsoftdevice_controller_s112_debug_soft__obfuscated.elf)
 .text          0x00008410       0xa0 C:/Users/Ryland/ncs/v1.8.0/nrfxlib/softdevice_controller/lib/cortex-m4/soft-float/libsoftdevice_controller_peripheral.a(libsoftdevice_controller_s112_debug_soft__obfuscated.elf)
 .text          0x000084b0       0xb4 C:/Users/Ryland/ncs/v1.8.0/nrfxlib/softdevice_controller/lib/cortex-m4/soft-float/libsoftdevice_controller_peripheral.a(libsoftdevice_controller_s112_debug_soft__obfuscated.elf)
 .text          0x00008564       0x90 C:/Users/Ryland/ncs/v1.8.0/nrfxlib/softdevice_controller/lib/cortex-m4/soft-float/libsoftdevice_controller_peripheral.a(libsoftdevice_controller_s112_debug_soft__obfuscated.elf)
 .text          0x000085f4      0x1b4 C:/Users/Ryland/ncs/v1.8.0/nrfxlib/softdevice_controller/lib/cortex-m4/soft-float/libsoftdevice_controller_peripheral.a(libsoftdevice_controller_s112_debug_soft__obfuscated.elf)
 .text          0x000087a8      0x228 C:/Users/Ryland/ncs/v1.8.0/nrfxlib/softdevice_controller/lib/cortex-m4/soft-float/libsoftdevice_controller_peripheral.a(libsoftdevice_controller_s112_debug_soft__obfuscated.elf)
 .text          0x000089d0      0x168 C:/Users/Ryland/ncs/v1.8.0/nrfxlib/softdevice_controller/lib/cortex-m4/soft-float/libsoftdevice_controller_peripheral.a(libsoftdevice_controller_s112_debug_soft__obfuscated.elf)
 .text          0x00008b38       0x3c C:/Users/Ryland/ncs/v1.8.0/nrfxlib/softdevice_controller/lib/cortex-m4/soft-float/libsoftdevice_controller_peripheral.a(libsoftdevice_controller_s112_debug_soft__obfuscated.elf)
 .text          0x00008b74       0x70 C:/Users/Ryland/ncs/v1.8.0/nrfxlib/softdevice_controller/lib/cortex-m4/soft-float/libsoftdevice_controller_peripheral.a(libsoftdevice_controller_s112_debug_soft__obfuscated.elf)
 .text          0x00008be4       0xb4 C:/Users/Ryland/ncs/v1.8.0/nrfxlib/softdevice_controller/lib/cortex-m4/soft-float/libsoftdevice_controller_peripheral.a(libsoftdevice_controller_s112_debug_soft__obfuscated.elf)
 .text          0x00008c98       0x9c C:/Users/Ryland/ncs/v1.8.0/nrfxlib/softdevice_controller/lib/cortex-m4/soft-float/libsoftdevice_controller_peripheral.a(libsoftdevice_controller_s112_debug_soft__obfuscated.elf)
 .text          0x00008d34       0x48 C:/Users/Ryland/ncs/v1.8.0/nrfxlib/softdevice_controller/lib/cortex-m4/soft-float/libsoftdevice_controller_peripheral.a(libsoftdevice_controller_s112_debug_soft__obfuscated.elf)
 .text          0x00008d7c       0x5c C:/Users/Ryland/ncs/v1.8.0/nrfxlib/softdevice_controller/lib/cortex-m4/soft-float/libsoftdevice_controller_peripheral.a(libsoftdevice_controller_s112_debug_soft__obfuscated.elf)
 .text          0x00008dd8       0xac C:/Users/Ryland/ncs/v1.8.0/nrfxlib/softdevice_controller/lib/cortex-m4/soft-float/libsoftdevice_controller_peripheral.a(libsoftdevice_controller_s112_debug_soft__obfuscated.elf)
 .text          0x00008e84       0xac C:/Users/Ryland/ncs/v1.8.0/nrfxlib/softdevice_controller/lib/cortex-m4/soft-float/libsoftdevice_controller_peripheral.a(libsoftdevice_controller_s112_debug_soft__obfuscated.elf)
 .text          0x00008f30       0x54 C:/Users/Ryland/ncs/v1.8.0/nrfxlib/softdevice_controller/lib/cortex-m4/soft-float/libsoftdevice_controller_peripheral.a(libsoftdevice_controller_s112_debug_soft__obfuscated.elf)
 .text          0x00008f84       0x30 C:/Users/Ryland/ncs/v1.8.0/nrfxlib/softdevice_controller/lib/cortex-m4/soft-float/libsoftdevice_controller_peripheral.a(libsoftdevice_controller_s112_debug_soft__obfuscated.elf)
 .text          0x00008fb4       0xdc C:/Users/Ryland/ncs/v1.8.0/nrfxlib/softdevice_controller/lib/cortex-m4/soft-float/libsoftdevice_controller_peripheral.a(libsoftdevice_controller_s112_debug_soft__obfuscated.elf)
 .text          0x00009090       0x70 C:/Users/Ryland/ncs/v1.8.0/nrfxlib/softdevice_controller/lib/cortex-m4/soft-float/libsoftdevice_controller_peripheral.a(libsoftdevice_controller_s112_debug_soft__obfuscated.elf)
 .text          0x00009100       0x2c C:/Users/Ryland/ncs/v1.8.0/nrfxlib/softdevice_controller/lib/cortex-m4/soft-float/libsoftdevice_controller_peripheral.a(libsoftdevice_controller_s112_debug_soft__obfuscated.elf)
 .text          0x0000912c       0x2c C:/Users/Ryland/ncs/v1.8.0/nrfxlib/softdevice_controller/lib/cortex-m4/soft-float/libsoftdevice_controller_peripheral.a(libsoftdevice_controller_s112_debug_soft__obfuscated.elf)
 .text          0x00009158       0x44 C:/Users/Ryland/ncs/v1.8.0/nrfxlib/softdevice_controller/lib/cortex-m4/soft-float/libsoftdevice_controller_peripheral.a(libsoftdevice_controller_s112_debug_soft__obfuscated.elf)
 .text          0x0000919c       0x20 C:/Users/Ryland/ncs/v1.8.0/nrfxlib/softdevice_controller/lib/cortex-m4/soft-float/libsoftdevice_controller_peripheral.a(libsoftdevice_controller_s112_debug_soft__obfuscated.elf)
 .text          0x000091bc       0xd8 C:/Users/Ryland/ncs/v1.8.0/nrfxlib/softdevice_controller/lib/cortex-m4/soft-float/libsoftdevice_controller_peripheral.a(libsoftdevice_controller_s112_debug_soft__obfuscated.elf)
 .text          0x00009294      0x144 C:/Users/Ryland/ncs/v1.8.0/nrfxlib/softdevice_controller/lib/cortex-m4/soft-float/libsoftdevice_controller_peripheral.a(libsoftdevice_controller_s112_debug_soft__obfuscated.elf)
 .text          0x000093d8       0x30 C:/Users/Ryland/ncs/v1.8.0/nrfxlib/softdevice_controller/lib/cortex-m4/soft-float/libsoftdevice_controller_peripheral.a(libsoftdevice_controller_s112_debug_soft__obfuscated.elf)
 .text          0x00009408       0x10 C:/Users/Ryland/ncs/v1.8.0/nrfxlib/softdevice_controller/lib/cortex-m4/soft-float/libsoftdevice_controller_peripheral.a(libsoftdevice_controller_s112_debug_soft__obfuscated.elf)
 .text          0x00009418       0x28 C:/Users/Ryland/ncs/v1.8.0/nrfxlib/softdevice_controller/lib/cortex-m4/soft-float/libsoftdevice_controller_peripheral.a(libsoftdevice_controller_s112_debug_soft__obfuscated.elf)
 .text          0x00009440       0x34 C:/Users/Ryland/ncs/v1.8.0/nrfxlib/softdevice_controller/lib/cortex-m4/soft-float/libsoftdevice_controller_peripheral.a(libsoftdevice_controller_s112_debug_soft__obfuscated.elf)
 .text          0x00009474       0xe8 C:/Users/Ryland/ncs/v1.8.0/nrfxlib/softdevice_controller/lib/cortex-m4/soft-float/libsoftdevice_controller_peripheral.a(libsoftdevice_controller_s112_debug_soft__obfuscated.elf)
 .text          0x0000955c       0xb8 C:/Users/Ryland/ncs/v1.8.0/nrfxlib/softdevice_controller/lib/cortex-m4/soft-float/libsoftdevice_controller_peripheral.a(libsoftdevice_controller_s112_debug_soft__obfuscated.elf)
 .text          0x00009614       0x64 C:/Users/Ryland/ncs/v1.8.0/nrfxlib/softdevice_controller/lib/cortex-m4/soft-float/libsoftdevice_controller_peripheral.a(libsoftdevice_controller_s112_debug_soft__obfuscated.elf)
 .text          0x00009678       0x18 C:/Users/Ryland/ncs/v1.8.0/nrfxlib/softdevice_controller/lib/cortex-m4/soft-float/libsoftdevice_controller_peripheral.a(libsoftdevice_controller_s112_debug_soft__obfuscated.elf)
 .text          0x00009690       0x2c C:/Users/Ryland/ncs/v1.8.0/nrfxlib/softdevice_controller/lib/cortex-m4/soft-float/libsoftdevice_controller_peripheral.a(libsoftdevice_controller_s112_debug_soft__obfuscated.elf)
 .text          0x000096bc       0x30 C:/Users/Ryland/ncs/v1.8.0/nrfxlib/softdevice_controller/lib/cortex-m4/soft-float/libsoftdevice_controller_peripheral.a(libsoftdevice_controller_s112_debug_soft__obfuscated.elf)
 .text          0x000096ec       0x30 C:/Users/Ryland/ncs/v1.8.0/nrfxlib/softdevice_controller/lib/cortex-m4/soft-float/libsoftdevice_controller_peripheral.a(libsoftdevice_controller_s112_debug_soft__obfuscated.elf)
 .text          0x0000971c       0x30 C:/Users/Ryland/ncs/v1.8.0/nrfxlib/softdevice_controller/lib/cortex-m4/soft-float/libsoftdevice_controller_peripheral.a(libsoftdevice_controller_s112_debug_soft__obfuscated.elf)
 .text          0x0000974c       0x30 C:/Users/Ryland/ncs/v1.8.0/nrfxlib/softdevice_controller/lib/cortex-m4/soft-float/libsoftdevice_controller_peripheral.a(libsoftdevice_controller_s112_debug_soft__obfuscated.elf)
 .text          0x0000977c       0x18 C:/Users/Ryland/ncs/v1.8.0/nrfxlib/softdevice_controller/lib/cortex-m4/soft-float/libsoftdevice_controller_peripheral.a(libsoftdevice_controller_s112_debug_soft__obfuscated.elf)
 .text          0x00009794       0x2c C:/Users/Ryland/ncs/v1.8.0/nrfxlib/softdevice_controller/lib/cortex-m4/soft-float/libsoftdevice_controller_peripheral.a(libsoftdevice_controller_s112_debug_soft__obfuscated.elf)
 .text          0x000097c0       0x30 C:/Users/Ryland/ncs/v1.8.0/nrfxlib/softdevice_controller/lib/cortex-m4/soft-float/libsoftdevice_controller_peripheral.a(libsoftdevice_controller_s112_debug_soft__obfuscated.elf)
 .text          0x000097f0       0x28 C:/Users/Ryland/ncs/v1.8.0/nrfxlib/softdevice_controller/lib/cortex-m4/soft-float/libsoftdevice_controller_peripheral.a(libsoftdevice_controller_s112_debug_soft__obfuscated.elf)
 .text          0x00009818       0x24 C:/Users/Ryland/ncs/v1.8.0/nrfxlib/softdevice_controller/lib/cortex-m4/soft-float/libsoftdevice_controller_peripheral.a(libsoftdevice_controller_s112_debug_soft__obfuscated.elf)
 .text          0x0000983c       0x24 C:/Users/Ryland/ncs/v1.8.0/nrfxlib/softdevice_controller/lib/cortex-m4/soft-float/libsoftdevice_controller_peripheral.a(libsoftdevice_controller_s112_debug_soft__obfuscated.elf)
 .text          0x00009860       0x74 C:/Users/Ryland/ncs/v1.8.0/nrfxlib/softdevice_controller/lib/cortex-m4/soft-float/libsoftdevice_controller_peripheral.a(libsoftdevice_controller_s112_debug_soft__obfuscated.elf)
 .text          0x000098d4       0x28 C:/Users/Ryland/ncs/v1.8.0/nrfxlib/softdevice_controller/lib/cortex-m4/soft-float/libsoftdevice_controller_peripheral.a(libsoftdevice_controller_s112_debug_soft__obfuscated.elf)
 .text          0x000098fc       0x58 C:/Users/Ryland/ncs/v1.8.0/nrfxlib/softdevice_controller/lib/cortex-m4/soft-float/libsoftdevice_controller_peripheral.a(libsoftdevice_controller_s112_debug_soft__obfuscated.elf)
 .text          0x00009954       0x5c C:/Users/Ryland/ncs/v1.8.0/nrfxlib/softdevice_controller/lib/cortex-m4/soft-float/libsoftdevice_controller_peripheral.a(libsoftdevice_controller_s112_debug_soft__obfuscated.elf)
 .text          0x000099b0       0x28 C:/Users/Ryland/ncs/v1.8.0/nrfxlib/softdevice_controller/lib/cortex-m4/soft-float/libsoftdevice_controller_peripheral.a(libsoftdevice_controller_s112_debug_soft__obfuscated.elf)
 .text          0x000099d8      0x16c C:/Users/Ryland/ncs/v1.8.0/nrfxlib/softdevice_controller/lib/cortex-m4/soft-float/libsoftdevice_controller_peripheral.a(libsoftdevice_controller_s112_debug_soft__obfuscated.elf)
 .text          0x00009b44       0xbc C:/Users/Ryland/ncs/v1.8.0/nrfxlib/softdevice_controller/lib/cortex-m4/soft-float/libsoftdevice_controller_peripheral.a(libsoftdevice_controller_s112_debug_soft__obfuscated.elf)
 .text          0x00009c00        0xc C:/Users/Ryland/ncs/v1.8.0/nrfxlib/softdevice_controller/lib/cortex-m4/soft-float/libsoftdevice_controller_peripheral.a(libsoftdevice_controller_s112_debug_soft__obfuscated.elf)
                0x00009c00                sym_VKBDHCW5KWYFAEZJJBKQNHH4JDURIHHEJCK4SOA
 .text          0x00009c0c        0xc C:/Users/Ryland/ncs/v1.8.0/nrfxlib/softdevice_controller/lib/cortex-m4/soft-float/libsoftdevice_controller_peripheral.a(libsoftdevice_controller_s112_debug_soft__obfuscated.elf)
                0x00009c0c                sym_ZGH42ABHAQFX3NKIMGIK7DGGJ5XWXU2KDVYEOMI
 .text          0x00009c18       0x14 C:/Users/Ryland/ncs/v1.8.0/nrfxlib/softdevice_controller/lib/cortex-m4/soft-float/libsoftdevice_controller_peripheral.a(libsoftdevice_controller_s112_debug_soft__obfuscated.elf)
                0x00009c18                sym_Y5RIWFUVP4FHJFYC7FBZKM2MV7INK43TLWQ5URA
 .text          0x00009c2c       0x54 C:/Users/Ryland/ncs/v1.8.0/nrfxlib/softdevice_controller/lib/cortex-m4/soft-float/libsoftdevice_controller_peripheral.a(libsoftdevice_controller_s112_debug_soft__obfuscated.elf)
                0x00009c2c                sym_PAQFQMAKUCMOA6SUTJ7CAX3DYCWNAJLJQFJCDNY
 .text          0x00009c80       0x40 C:/Users/Ryland/ncs/v1.8.0/nrfxlib/softdevice_controller/lib/cortex-m4/soft-float/libsoftdevice_controller_peripheral.a(libsoftdevice_controller_s112_debug_soft__obfuscated.elf)
                0x00009c80                sym_CT735EXQUXWPD7TNRP2WWTA3LGLYUEOZMPS7RMI
 .text          0x00009cc0       0x20 C:/Users/Ryland/ncs/v1.8.0/nrfxlib/softdevice_controller/lib/cortex-m4/soft-float/libsoftdevice_controller_peripheral.a(libsoftdevice_controller_s112_debug_soft__obfuscated.elf)
                0x00009cc0                sym_THL6EKGE7AKTO5JDGU45MV33YSIXORBRMDECS2Q
 .text          0x00009ce0       0x60 C:/Users/Ryland/ncs/v1.8.0/nrfxlib/softdevice_controller/lib/cortex-m4/soft-float/libsoftdevice_controller_peripheral.a(libsoftdevice_controller_s112_debug_soft__obfuscated.elf)
                0x00009ce0                sym_4POEZKL66A5T3356722OWKNB5CNFKPMV6JI3HEA
 .text          0x00009d40       0x2c C:/Users/Ryland/ncs/v1.8.0/nrfxlib/softdevice_controller/lib/cortex-m4/soft-float/libsoftdevice_controller_peripheral.a(libsoftdevice_controller_s112_debug_soft__obfuscated.elf)
                0x00009d40                sym_XQWU4MX22DPQIRRYTXBNWTH2DBYK7MH33FME7FI
 .text          0x00009d6c       0x1c C:/Users/Ryland/ncs/v1.8.0/nrfxlib/softdevice_controller/lib/cortex-m4/soft-float/libsoftdevice_controller_peripheral.a(libsoftdevice_controller_s112_debug_soft__obfuscated.elf)
                0x00009d6c                sym_DVVOECRRYK6EAGDREB2UKKQZT5MAOOUK66XNPTA
 .text          0x00009d88       0x14 C:/Users/Ryland/ncs/v1.8.0/nrfxlib/softdevice_controller/lib/cortex-m4/soft-float/libsoftdevice_controller_peripheral.a(libsoftdevice_controller_s112_debug_soft__obfuscated.elf)
                0x00009d88                sym_VBKW2EEGTD4JJSNUU73GLQHLYR7TWOGYRMQYZEY
 .text          0x00009d9c       0x1c C:/Users/Ryland/ncs/v1.8.0/nrfxlib/softdevice_controller/lib/cortex-m4/soft-float/libsoftdevice_controller_peripheral.a(libsoftdevice_controller_s112_debug_soft__obfuscated.elf)
                0x00009d9c                sym_2J7Z7KW3DU67BQ5MXN4KH26NTEF6NAEYXIDNT6Q
 .text          0x00009db8       0x54 C:/Users/Ryland/ncs/v1.8.0/nrfxlib/softdevice_controller/lib/cortex-m4/soft-float/libsoftdevice_controller_peripheral.a(libsoftdevice_controller_s112_debug_soft__obfuscated.elf)
                0x00009db8                sym_RGKYP5TXYS27EGT6ZHZS5EDDAZK5QGTWLBOBJEA
 .text          0x00009e0c       0x34 C:/Users/Ryland/ncs/v1.8.0/nrfxlib/softdevice_controller/lib/cortex-m4/soft-float/libsoftdevice_controller_peripheral.a(libsoftdevice_controller_s112_debug_soft__obfuscated.elf)
                0x00009e0c                sym_XOOTGCSEAKA3PUKZW3QYB4DCVC2FKUP2TS5AZ5Q
 .text          0x00009e40       0xe4 C:/Users/Ryland/ncs/v1.8.0/nrfxlib/softdevice_controller/lib/cortex-m4/soft-float/libsoftdevice_controller_peripheral.a(libsoftdevice_controller_s112_debug_soft__obfuscated.elf)
 .text          0x00009f24      0x19c C:/Users/Ryland/ncs/v1.8.0/nrfxlib/softdevice_controller/lib/cortex-m4/soft-float/libsoftdevice_controller_peripheral.a(libsoftdevice_controller_s112_debug_soft__obfuscated.elf)
                0x00009f24                sym_P35ZNYRPUOIDHAE32RQYT4RWXL5RC6UIZKLHPUQ
 .text          0x0000a0c0      0x108 C:/Users/Ryland/ncs/v1.8.0/nrfxlib/softdevice_controller/lib/cortex-m4/soft-float/libsoftdevice_controller_peripheral.a(libsoftdevice_controller_s112_debug_soft__obfuscated.elf)
 .text          0x0000a1c8       0x38 C:/Users/Ryland/ncs/v1.8.0/nrfxlib/softdevice_controller/lib/cortex-m4/soft-float/libsoftdevice_controller_peripheral.a(libsoftdevice_controller_s112_debug_soft__obfuscated.elf)
 .text          0x0000a200       0x1f C:/Users/Ryland/ncs/v1.8.0/nrfxlib/softdevice_controller/lib/cortex-m4/soft-float/libsoftdevice_controller_peripheral.a(libsoftdevice_controller_s112_debug_soft__obfuscated.elf)
 *fill*         0x0000a21f        0x1 
 .text          0x0000a220       0x1c C:/Users/Ryland/ncs/v1.8.0/nrfxlib/softdevice_controller/lib/cortex-m4/soft-float/libsoftdevice_controller_peripheral.a(libsoftdevice_controller_s112_debug_soft__obfuscated.elf)
                0x0000a220                sym_G4TIIR7KO3GHFF45HCHTIL3RIPRK2LVDQADUYJQ
 .text          0x0000a23c       0x24 C:/Users/Ryland/ncs/v1.8.0/nrfxlib/softdevice_controller/lib/cortex-m4/soft-float/libsoftdevice_controller_peripheral.a(libsoftdevice_controller_s112_debug_soft__obfuscated.elf)
                0x0000a23c                sym_4W26TPGCKOCVVRKXQDBKGXGC2Y5LMZXNKS2QITA